Analysis & Synthesis report for baseball_integration
Thu Mar  5 16:50:41 2026
Quartus Prime Version 25.1std.0 Build 1129 10/21/2025 SC Lite Edition


---------------------
; Table of Contents ;
---------------------
  1. Legal Notice
  2. Analysis & Synthesis Summary
  3. Analysis & Synthesis Settings
  4. Parallel Compilation
  5. Analysis & Synthesis Source Files Read
  6. Analysis & Synthesis Resource Usage Summary
  7. Analysis & Synthesis Resource Utilization by Entity
  8. Analysis & Synthesis DSP Block Usage Summary
  9. State Machine - |baseball_integration|uart_tx:TX|tx_state
 10. State Machine - |baseball_integration|game_logic:GAME|current_state
 11. Registers Removed During Synthesis
 12. General Register Statistics
 13. Multiplexer Restructuring Statistics (Restructuring Performed)
 14. Parameter Settings for User Entity Instance: frequency:GAME_CLOCK
 15. Parameter Settings for User Entity Instance: frequency:VGA_CLOCK
 16. Parameter Settings for User Entity Instance: frequency:TX_CLOCK
 17. Parameter Settings for User Entity Instance: game_logic:GAME
 18. Parameter Settings for Inferred Entity Instance: vga_renderer:RENDER|lpm_mult:Mult0
 19. Parameter Settings for Inferred Entity Instance: vga_renderer:RENDER|lpm_mult:Mult1
 20. Parameter Settings for Inferred Entity Instance: vga_renderer:RENDER|lpm_mult:Mult2
 21. Parameter Settings for Inferred Entity Instance: vga_renderer:RENDER|lpm_mult:Mult3
 22. Parameter Settings for Inferred Entity Instance: vga_renderer:RENDER|lpm_mult:Mult4
 23. lpm_mult Parameter Settings by Entity Instance
 24. Post-Synthesis Netlist Statistics for Top Partition
 25. Elapsed Time Per Partition
 26. Analysis & Synthesis Messages



----------------
; Legal Notice ;
----------------
Copyright (C) 2025  Altera Corporation. All rights reserved.
Your use of Altera Corporation's design tools, logic functions 
and other software and tools, and any partner logic 
functions, and any output files from any of the foregoing 
(including device programming or simulation files), and any 
associated documentation or information are expressly subject 
to the terms and conditions of the Altera Program License 
Subscription Agreement, the Altera Quartus Prime License Agreement,
the Altera IP License Agreement, or other applicable license
agreement, including, without limitation, that your use is for
the sole purpose of programming logic devices manufactured by
Altera and sold by Altera or its authorized distributors.  Please
refer to the Altera Software License Subscription Agreements 
on the Quartus Prime software download page.



+--------------------------------------------------------------------------------------+
; Analysis & Synthesis Summary                                                         ;
+------------------------------------+-------------------------------------------------+
; Analysis & Synthesis Status        ; Successful - Thu Mar  5 16:50:41 2026           ;
; Quartus Prime Version              ; 25.1std.0 Build 1129 10/21/2025 SC Lite Edition ;
; Revision Name                      ; baseball_integration                            ;
; Top-level Entity Name              ; baseball_integration                            ;
; Family                             ; MAX 10                                          ;
; Total logic elements               ; 912                                             ;
;     Total combinational functions  ; 887                                             ;
;     Dedicated logic registers      ; 184                                             ;
; Total registers                    ; 184                                             ;
; Total pins                         ; 24                                              ;
; Total virtual pins                 ; 0                                               ;
; Total memory bits                  ; 0                                               ;
; Embedded Multiplier 9-bit elements ; 10                                              ;
; Total PLLs                         ; 0                                               ;
; UFM blocks                         ; 0                                               ;
; ADC blocks                         ; 0                                               ;
+------------------------------------+-------------------------------------------------+


+----------------------------------------------------------------------------------------------------------------+
; Analysis & Synthesis Settings                                                                                  ;
+------------------------------------------------------------------+----------------------+----------------------+
; Option                                                           ; Setting              ; Default Value        ;
+------------------------------------------------------------------+----------------------+----------------------+
; Device                                                           ; 10M50DAF484C7G       ;                      ;
; Top-level entity name                                            ; baseball_integration ; baseball_integration ;
; Family name                                                      ; MAX 10               ; Cyclone V            ;
; Use smart compilation                                            ; Off                  ; Off                  ;
; Enable parallel Assembler and Timing Analyzer during compilation ; On                   ; On                   ;
; Enable compact report table                                      ; Off                  ; Off                  ;
; Restructure Multiplexers                                         ; Auto                 ; Auto                 ;
; Create Debugging Nodes for IP Cores                              ; Off                  ; Off                  ;
; Preserve fewer node names                                        ; On                   ; On                   ;
; Intel FPGA IP Evaluation Mode                                    ; Enable               ; Enable               ;
; Verilog Version                                                  ; Verilog_2001         ; Verilog_2001         ;
; VHDL Version                                                     ; VHDL_1993            ; VHDL_1993            ;
; State Machine Processing                                         ; Auto                 ; Auto                 ;
; Safe State Machine                                               ; Off                  ; Off                  ;
; Extract Verilog State Machines                                   ; On                   ; On                   ;
; Extract VHDL State Machines                                      ; On                   ; On                   ;
; Ignore Verilog initial constructs                                ; Off                  ; Off                  ;
; Iteration limit for constant Verilog loops                       ; 5000                 ; 5000                 ;
; Iteration limit for non-constant Verilog loops                   ; 250                  ; 250                  ;
; Add Pass-Through Logic to Inferred RAMs                          ; On                   ; On                   ;
; Infer RAMs from Raw Logic                                        ; On                   ; On                   ;
; Parallel Synthesis                                               ; On                   ; On                   ;
; DSP Block Balancing                                              ; Auto                 ; Auto                 ;
; NOT Gate Push-Back                                               ; On                   ; On                   ;
; Power-Up Don't Care                                              ; On                   ; On                   ;
; Remove Redundant Logic Cells                                     ; Off                  ; Off                  ;
; Remove Duplicate Registers                                       ; On                   ; On                   ;
; Ignore CARRY Buffers                                             ; Off                  ; Off                  ;
; Ignore CASCADE Buffers                                           ; Off                  ; Off                  ;
; Ignore GLOBAL Buffers                                            ; Off                  ; Off                  ;
; Ignore ROW GLOBAL Buffers                                        ; Off                  ; Off                  ;
; Ignore LCELL Buffers                                             ; Off                  ; Off                  ;
; Ignore SOFT Buffers                                              ; On                   ; On                   ;
; Limit AHDL Integers to 32 Bits                                   ; Off                  ; Off                  ;
; Optimization Technique                                           ; Balanced             ; Balanced             ;
; Carry Chain Length                                               ; 70                   ; 70                   ;
; Auto Carry Chains                                                ; On                   ; On                   ;
; Auto Open-Drain Pins                                             ; On                   ; On                   ;
; Perform WYSIWYG Primitive Resynthesis                            ; Off                  ; Off                  ;
; Auto ROM Replacement                                             ; On                   ; On                   ;
; Auto RAM Replacement                                             ; On                   ; On                   ;
; Auto DSP Block Replacement                                       ; On                   ; On                   ;
; Auto Shift Register Replacement                                  ; Auto                 ; Auto                 ;
; Allow Shift Register Merging across Hierarchies                  ; Auto                 ; Auto                 ;
; Auto Clock Enable Replacement                                    ; On                   ; On                   ;
; Strict RAM Replacement                                           ; Off                  ; Off                  ;
; Allow Synchronous Control Signals                                ; On                   ; On                   ;
; Force Use of Synchronous Clear Signals                           ; Off                  ; Off                  ;
; Auto RAM Block Balancing                                         ; On                   ; On                   ;
; Auto RAM to Logic Cell Conversion                                ; Off                  ; Off                  ;
; Auto Resource Sharing                                            ; Off                  ; Off                  ;
; Allow Any RAM Size For Recognition                               ; Off                  ; Off                  ;
; Allow Any ROM Size For Recognition                               ; Off                  ; Off                  ;
; Allow Any Shift Register Size For Recognition                    ; Off                  ; Off                  ;
; Use LogicLock Constraints during Resource Balancing              ; On                   ; On                   ;
; Ignore translate_off and synthesis_off directives                ; Off                  ; Off                  ;
; Timing-Driven Synthesis                                          ; On                   ; On                   ;
; Report Parameter Settings                                        ; On                   ; On                   ;
; Report Source Assignments                                        ; On                   ; On                   ;
; Report Connectivity Checks                                       ; On                   ; On                   ;
; Ignore Maximum Fan-Out Assignments                               ; Off                  ; Off                  ;
; Synchronization Register Chain Length                            ; 2                    ; 2                    ;
; Power Optimization During Synthesis                              ; Normal compilation   ; Normal compilation   ;
; HDL message level                                                ; Level2               ; Level2               ;
; Suppress Register Optimization Related Messages                  ; Off                  ; Off                  ;
; Number of Removed Registers Reported in Synthesis Report         ; 5000                 ; 5000                 ;
; Number of Swept Nodes Reported in Synthesis Report               ; 5000                 ; 5000                 ;
; Number of Inverted Registers Reported in Synthesis Report        ; 100                  ; 100                  ;
; Clock MUX Protection                                             ; On                   ; On                   ;
; Auto Gated Clock Conversion                                      ; Off                  ; Off                  ;
; Block Design Naming                                              ; Auto                 ; Auto                 ;
; SDC constraint protection                                        ; Off                  ; Off                  ;
; Synthesis Effort                                                 ; Auto                 ; Auto                 ;
; Shift Register Replacement - Allow Asynchronous Clear Signal     ; On                   ; On                   ;
; Pre-Mapping Resynthesis Optimization                             ; Off                  ; Off                  ;
; Analysis & Synthesis Message Level                               ; Medium               ; Medium               ;
; Disable Register Merging Across Hierarchies                      ; Auto                 ; Auto                 ;
; Resource Aware Inference For Block RAM                           ; On                   ; On                   ;
+------------------------------------------------------------------+----------------------+----------------------+


+------------------------------------------+
; Parallel Compilation                     ;
+----------------------------+-------------+
; Processors                 ; Number      ;
+----------------------------+-------------+
; Number detected on machine ; 16          ;
; Maximum allowed            ; 10          ;
;                            ;             ;
; Average used               ; 1.00        ;
; Maximum used               ; 10          ;
;                            ;             ;
; Usage by Processor         ; % Time Used ;
;     Processor 1            ; 100.0%      ;
;     Processor 2            ;   0.0%      ;
;     Processor 3            ;   0.0%      ;
;     Processor 4            ;   0.0%      ;
;     Processor 5            ;   0.0%      ;
;     Processor 6            ;   0.0%      ;
;     Processors 7-10        ;   0.0%      ;
+----------------------------+-------------+


+----------------------------------------------------------------------------------------------------------------------------------------------------------------------+
; Analysis & Synthesis Source Files Read                                                                                                                               ;
+----------------------------------+-----------------+------------------------------+------------------------------------------------------------------------+---------+
; File Name with User-Entered Path ; Used in Netlist ; File Type                    ; File Name with Absolute Path                                           ; Library ;
+----------------------------------+-----------------+------------------------------+------------------------------------------------------------------------+---------+
; baseball_integration.vhd         ; yes             ; User VHDL File               ; C:/quartus/pprueba/baseball_integration1/baseball_integration.vhd      ;         ;
; game_logic.vhd                   ; yes             ; User VHDL File               ; C:/quartus/pprueba/baseball_integration1/game_logic.vhd                ;         ;
; uart_tx.vhd                      ; yes             ; User VHDL File               ; C:/quartus/pprueba/baseball_integration1/uart_tx.vhd                   ;         ;
; vga_renderer.vhd                 ; yes             ; User VHDL File               ; C:/quartus/pprueba/baseball_integration1/vga_renderer.vhd              ;         ;
; vga_sync.vhd                     ; yes             ; User VHDL File               ; C:/quartus/pprueba/baseball_integration1/vga_sync.vhd                  ;         ;
; frequency.vhd                    ; yes             ; User VHDL File               ; C:/quartus/pprueba/baseball_integration1/frequency.vhd                 ;         ;
; lpm_mult.tdf                     ; yes             ; Megafunction                 ; c:/altera_lite/25.1std/quartus/libraries/megafunctions/lpm_mult.tdf    ;         ;
; aglobal251.inc                   ; yes             ; Megafunction                 ; c:/altera_lite/25.1std/quartus/libraries/megafunctions/aglobal251.inc  ;         ;
; lpm_add_sub.inc                  ; yes             ; Megafunction                 ; c:/altera_lite/25.1std/quartus/libraries/megafunctions/lpm_add_sub.inc ;         ;
; multcore.inc                     ; yes             ; Megafunction                 ; c:/altera_lite/25.1std/quartus/libraries/megafunctions/multcore.inc    ;         ;
; bypassff.inc                     ; yes             ; Megafunction                 ; c:/altera_lite/25.1std/quartus/libraries/megafunctions/bypassff.inc    ;         ;
; altshift.inc                     ; yes             ; Megafunction                 ; c:/altera_lite/25.1std/quartus/libraries/megafunctions/altshift.inc    ;         ;
; db/mult_fgs.tdf                  ; yes             ; Auto-Generated Megafunction  ; C:/quartus/pprueba/baseball_integration1/db/mult_fgs.tdf               ;         ;
+----------------------------------+-----------------+------------------------------+------------------------------------------------------------------------+---------+


+--------------------------------------------------------------+
; Analysis & Synthesis Resource Usage Summary                  ;
+---------------------------------------------+----------------+
; Resource                                    ; Usage          ;
+---------------------------------------------+----------------+
; Estimated Total logic elements              ; 912            ;
;                                             ;                ;
; Total combinational functions               ; 887            ;
; Logic element usage by number of LUT inputs ;                ;
;     -- 4 input functions                    ; 383            ;
;     -- 3 input functions                    ; 244            ;
;     -- <=2 input functions                  ; 260            ;
;                                             ;                ;
; Logic elements by mode                      ;                ;
;     -- normal mode                          ; 538            ;
;     -- arithmetic mode                      ; 349            ;
;                                             ;                ;
; Total registers                             ; 184            ;
;     -- Dedicated logic registers            ; 184            ;
;     -- I/O registers                        ; 0              ;
;                                             ;                ;
; I/O pins                                    ; 24             ;
;                                             ;                ;
; Embedded Multiplier 9-bit elements          ; 10             ;
;                                             ;                ;
; Maximum fan-out node                        ; de10_clk~input ;
; Maximum fan-out                             ; 97             ;
; Total fan-out                               ; 3311           ;
; Average fan-out                             ; 2.93           ;
+---------------------------------------------+----------------+


+------------------------------------------------------------------------------------------------------------------------------------------------------------------------------------------------------------------------------------------------------------------------------------------------------------------+
; Analysis & Synthesis Resource Utilization by Entity                                                                                                                                                                                                                                                              ;
+------------------------------------+---------------------+---------------------------+-------------+------------+--------------+---------+-----------+------+--------------+------------+----------------------------------------------------------------------------------+----------------------+--------------+
; Compilation Hierarchy Node         ; Combinational ALUTs ; Dedicated Logic Registers ; Memory Bits ; UFM Blocks ; DSP Elements ; DSP 9x9 ; DSP 18x18 ; Pins ; Virtual Pins ; ADC blocks ; Full Hierarchy Name                                                              ; Entity Name          ; Library Name ;
+------------------------------------+---------------------+---------------------------+-------------+------------+--------------+---------+-----------+------+--------------+------------+----------------------------------------------------------------------------------+----------------------+--------------+
; |baseball_integration              ; 887 (1)             ; 184 (0)                   ; 0           ; 0          ; 10           ; 0       ; 5         ; 24   ; 0            ; 0          ; |baseball_integration                                                            ; baseball_integration ; work         ;
;    |frequency:GAME_CLOCK|          ; 52 (52)             ; 33 (33)                   ; 0           ; 0          ; 0            ; 0       ; 0         ; 0    ; 0            ; 0          ; |baseball_integration|frequency:GAME_CLOCK                                       ; frequency            ; work         ;
;    |frequency:TX_CLOCK|            ; 49 (49)             ; 31 (31)                   ; 0           ; 0          ; 0            ; 0       ; 0         ; 0    ; 0            ; 0          ; |baseball_integration|frequency:TX_CLOCK                                         ; frequency            ; work         ;
;    |frequency:VGA_CLOCK|           ; 44 (44)             ; 33 (33)                   ; 0           ; 0          ; 0            ; 0       ; 0         ; 0    ; 0            ; 0          ; |baseball_integration|frequency:VGA_CLOCK                                        ; frequency            ; work         ;
;    |game_logic:GAME|               ; 94 (94)             ; 35 (35)                   ; 0           ; 0          ; 0            ; 0       ; 0         ; 0    ; 0            ; 0          ; |baseball_integration|game_logic:GAME                                            ; game_logic           ; work         ;
;    |uart_tx:TX|                    ; 18 (18)             ; 32 (32)                   ; 0           ; 0          ; 0            ; 0       ; 0         ; 0    ; 0            ; 0          ; |baseball_integration|uart_tx:TX                                                 ; uart_tx              ; work         ;
;    |vga_renderer:RENDER|           ; 585 (585)           ; 0 (0)                     ; 0           ; 0          ; 10           ; 0       ; 5         ; 0    ; 0            ; 0          ; |baseball_integration|vga_renderer:RENDER                                        ; vga_renderer         ; work         ;
;       |lpm_mult:Mult0|             ; 0 (0)               ; 0 (0)                     ; 0           ; 0          ; 2            ; 0       ; 1         ; 0    ; 0            ; 0          ; |baseball_integration|vga_renderer:RENDER|lpm_mult:Mult0                         ; lpm_mult             ; work         ;
;          |mult_fgs:auto_generated| ; 0 (0)               ; 0 (0)                     ; 0           ; 0          ; 2            ; 0       ; 1         ; 0    ; 0            ; 0          ; |baseball_integration|vga_renderer:RENDER|lpm_mult:Mult0|mult_fgs:auto_generated ; mult_fgs             ; work         ;
;       |lpm_mult:Mult1|             ; 0 (0)               ; 0 (0)                     ; 0           ; 0          ; 2            ; 0       ; 1         ; 0    ; 0            ; 0          ; |baseball_integration|vga_renderer:RENDER|lpm_mult:Mult1                         ; lpm_mult             ; work         ;
;          |mult_fgs:auto_generated| ; 0 (0)               ; 0 (0)                     ; 0           ; 0          ; 2            ; 0       ; 1         ; 0    ; 0            ; 0          ; |baseball_integration|vga_renderer:RENDER|lpm_mult:Mult1|mult_fgs:auto_generated ; mult_fgs             ; work         ;
;       |lpm_mult:Mult2|             ; 0 (0)               ; 0 (0)                     ; 0           ; 0          ; 2            ; 0       ; 1         ; 0    ; 0            ; 0          ; |baseball_integration|vga_renderer:RENDER|lpm_mult:Mult2                         ; lpm_mult             ; work         ;
;          |mult_fgs:auto_generated| ; 0 (0)               ; 0 (0)                     ; 0           ; 0          ; 2            ; 0       ; 1         ; 0    ; 0            ; 0          ; |baseball_integration|vga_renderer:RENDER|lpm_mult:Mult2|mult_fgs:auto_generated ; mult_fgs             ; work         ;
;       |lpm_mult:Mult3|             ; 0 (0)               ; 0 (0)                     ; 0           ; 0          ; 2            ; 0       ; 1         ; 0    ; 0            ; 0          ; |baseball_integration|vga_renderer:RENDER|lpm_mult:Mult3                         ; lpm_mult             ; work         ;
;          |mult_fgs:auto_generated| ; 0 (0)               ; 0 (0)                     ; 0           ; 0          ; 2            ; 0       ; 1         ; 0    ; 0            ; 0          ; |baseball_integration|vga_renderer:RENDER|lpm_mult:Mult3|mult_fgs:auto_generated ; mult_fgs             ; work         ;
;       |lpm_mult:Mult4|             ; 0 (0)               ; 0 (0)                     ; 0           ; 0          ; 2            ; 0       ; 1         ; 0    ; 0            ; 0          ; |baseball_integration|vga_renderer:RENDER|lpm_mult:Mult4                         ; lpm_mult             ; work         ;
;          |mult_fgs:auto_generated| ; 0 (0)               ; 0 (0)                     ; 0           ; 0          ; 2            ; 0       ; 1         ; 0    ; 0            ; 0          ; |baseball_integration|vga_renderer:RENDER|lpm_mult:Mult4|mult_fgs:auto_generated ; mult_fgs             ; work         ;
;    |vga_sync:SYNC|                 ; 44 (44)             ; 20 (20)                   ; 0           ; 0          ; 0            ; 0       ; 0         ; 0    ; 0            ; 0          ; |baseball_integration|vga_sync:SYNC                                              ; vga_sync             ; work         ;
+------------------------------------+---------------------+---------------------------+-------------+------------+--------------+---------+-----------+------+--------------+------------+----------------------------------------------------------------------------------+----------------------+--------------+
Note: For table entries with two numbers listed, the numbers in parentheses indicate the number of resources of the given type used by the specific entity alone. The numbers listed outside of parentheses indicate the total resources of the given type used by the specific entity and all of its sub-entities in the hierarchy.


+-----------------------------------------------------+
; Analysis & Synthesis DSP Block Usage Summary        ;
+---------------------------------------+-------------+
; Statistic                             ; Number Used ;
+---------------------------------------+-------------+
; Simple Multipliers (9-bit)            ; 0           ;
; Simple Multipliers (18-bit)           ; 5           ;
; Embedded Multiplier Blocks            ; --          ;
; Embedded Multiplier 9-bit elements    ; 10          ;
; Signed Embedded Multipliers           ; 5           ;
; Unsigned Embedded Multipliers         ; 0           ;
; Mixed Sign Embedded Multipliers       ; 0           ;
; Variable Sign Embedded Multipliers    ; 0           ;
; Dedicated Input Shift Register Chains ; 0           ;
+---------------------------------------+-------------+
Note: number of Embedded Multiplier Blocks used is only available after a successful fit.


Encoding Type:  One-Hot
+-------------------------------------------------------------------------------------------------------------------------------------------------------------------------------------------------------------------------------------------------------------------------------------------------------------------------------------------------------------------------------------------------------------------------+
; State Machine - |baseball_integration|uart_tx:TX|tx_state                                                                                                                                                                                                                                                                                                                                                               ;
+--------------------+------------------+-------------------+-------------------+-------------------+-------------------+-------------------+-------------------+------------------+------------------+------------------+------------------+------------------+------------------+------------------+------------------+------------------+------------------+--------------------+-------------------+------------------+
; Name               ; tx_state.TX_STOP ; tx_state.TX_BIT15 ; tx_state.TX_BIT14 ; tx_state.TX_BIT13 ; tx_state.TX_BIT12 ; tx_state.TX_BIT11 ; tx_state.TX_BIT10 ; tx_state.TX_BIT9 ; tx_state.TX_BIT8 ; tx_state.TX_BIT7 ; tx_state.TX_BIT6 ; tx_state.TX_BIT5 ; tx_state.TX_BIT4 ; tx_state.TX_BIT3 ; tx_state.TX_BIT2 ; tx_state.TX_BIT1 ; tx_state.TX_BIT0 ; tx_state.TX_START2 ; tx_state.TX_START ; tx_state.TX_IDLE ;
+--------------------+------------------+-------------------+-------------------+-------------------+-------------------+-------------------+-------------------+------------------+------------------+------------------+------------------+------------------+------------------+------------------+------------------+------------------+------------------+--------------------+-------------------+------------------+
; tx_state.TX_IDLE   ; 0                ; 0                 ; 0                 ; 0                 ; 0                 ; 0                 ; 0                 ; 0                ; 0                ; 0                ; 0                ; 0                ; 0                ; 0                ; 0                ; 0                ; 0                ; 0                  ; 0                 ; 0                ;
; tx_state.TX_START  ; 0                ; 0                 ; 0                 ; 0                 ; 0                 ; 0                 ; 0                 ; 0                ; 0                ; 0                ; 0                ; 0                ; 0                ; 0                ; 0                ; 0                ; 0                ; 0                  ; 1                 ; 1                ;
; tx_state.TX_START2 ; 0                ; 0                 ; 0                 ; 0                 ; 0                 ; 0                 ; 0                 ; 0                ; 0                ; 0                ; 0                ; 0                ; 0                ; 0                ; 0                ; 0                ; 0                ; 1                  ; 0                 ; 1                ;
; tx_state.TX_BIT0   ; 0                ; 0                 ; 0                 ; 0                 ; 0                 ; 0                 ; 0                 ; 0                ; 0                ; 0                ; 0                ; 0                ; 0                ; 0                ; 0                ; 0                ; 1                ; 0                  ; 0                 ; 1                ;
; tx_state.TX_BIT1   ; 0                ; 0                 ; 0                 ; 0                 ; 0                 ; 0                 ; 0                 ; 0                ; 0                ; 0                ; 0                ; 0                ; 0                ; 0                ; 0                ; 1                ; 0                ; 0                  ; 0                 ; 1                ;
; tx_state.TX_BIT2   ; 0                ; 0                 ; 0                 ; 0                 ; 0                 ; 0                 ; 0                 ; 0                ; 0                ; 0                ; 0                ; 0                ; 0                ; 0                ; 1                ; 0                ; 0                ; 0                  ; 0                 ; 1                ;
; tx_state.TX_BIT3   ; 0                ; 0                 ; 0                 ; 0                 ; 0                 ; 0                 ; 0                 ; 0                ; 0                ; 0                ; 0                ; 0                ; 0                ; 1                ; 0                ; 0                ; 0                ; 0                  ; 0                 ; 1                ;
; tx_state.TX_BIT4   ; 0                ; 0                 ; 0                 ; 0                 ; 0                 ; 0                 ; 0                 ; 0                ; 0                ; 0                ; 0                ; 0                ; 1                ; 0                ; 0                ; 0                ; 0                ; 0                  ; 0                 ; 1                ;
; tx_state.TX_BIT5   ; 0                ; 0                 ; 0                 ; 0                 ; 0                 ; 0                 ; 0                 ; 0                ; 0                ; 0                ; 0                ; 1                ; 0                ; 0                ; 0                ; 0                ; 0                ; 0                  ; 0                 ; 1                ;
; tx_state.TX_BIT6   ; 0                ; 0                 ; 0                 ; 0                 ; 0                 ; 0                 ; 0                 ; 0                ; 0                ; 0                ; 1                ; 0                ; 0                ; 0                ; 0                ; 0                ; 0                ; 0                  ; 0                 ; 1                ;
; tx_state.TX_BIT7   ; 0                ; 0                 ; 0                 ; 0                 ; 0                 ; 0                 ; 0                 ; 0                ; 0                ; 1                ; 0                ; 0                ; 0                ; 0                ; 0                ; 0                ; 0                ; 0                  ; 0                 ; 1                ;
; tx_state.TX_BIT8   ; 0                ; 0                 ; 0                 ; 0                 ; 0                 ; 0                 ; 0                 ; 0                ; 1                ; 0                ; 0                ; 0                ; 0                ; 0                ; 0                ; 0                ; 0                ; 0                  ; 0                 ; 1                ;
; tx_state.TX_BIT9   ; 0                ; 0                 ; 0                 ; 0                 ; 0                 ; 0                 ; 0                 ; 1                ; 0                ; 0                ; 0                ; 0                ; 0                ; 0                ; 0                ; 0                ; 0                ; 0                  ; 0                 ; 1                ;
; tx_state.TX_BIT10  ; 0                ; 0                 ; 0                 ; 0                 ; 0                 ; 0                 ; 1                 ; 0                ; 0                ; 0                ; 0                ; 0                ; 0                ; 0                ; 0                ; 0                ; 0                ; 0                  ; 0                 ; 1                ;
; tx_state.TX_BIT11  ; 0                ; 0                 ; 0                 ; 0                 ; 0                 ; 1                 ; 0                 ; 0                ; 0                ; 0                ; 0                ; 0                ; 0                ; 0                ; 0                ; 0                ; 0                ; 0                  ; 0                 ; 1                ;
; tx_state.TX_BIT12  ; 0                ; 0                 ; 0                 ; 0                 ; 1                 ; 0                 ; 0                 ; 0                ; 0                ; 0                ; 0                ; 0                ; 0                ; 0                ; 0                ; 0                ; 0                ; 0                  ; 0                 ; 1                ;
; tx_state.TX_BIT13  ; 0                ; 0                 ; 0                 ; 1                 ; 0                 ; 0                 ; 0                 ; 0                ; 0                ; 0                ; 0                ; 0                ; 0                ; 0                ; 0                ; 0                ; 0                ; 0                  ; 0                 ; 1                ;
; tx_state.TX_BIT14  ; 0                ; 0                 ; 1                 ; 0                 ; 0                 ; 0                 ; 0                 ; 0                ; 0                ; 0                ; 0                ; 0                ; 0                ; 0                ; 0                ; 0                ; 0                ; 0                  ; 0                 ; 1                ;
; tx_state.TX_BIT15  ; 0                ; 1                 ; 0                 ; 0                 ; 0                 ; 0                 ; 0                 ; 0                ; 0                ; 0                ; 0                ; 0                ; 0                ; 0                ; 0                ; 0                ; 0                ; 0                  ; 0                 ; 1                ;
; tx_state.TX_STOP   ; 1                ; 0                 ; 0                 ; 0                 ; 0                 ; 0                 ; 0                 ; 0                ; 0                ; 0                ; 0                ; 0                ; 0                ; 0                ; 0                ; 0                ; 0                ; 0                  ; 0                 ; 1                ;
+--------------------+------------------+-------------------+-------------------+-------------------+-------------------+-------------------+-------------------+------------------+------------------+------------------+------------------+------------------+------------------+------------------+------------------+------------------+------------------+--------------------+-------------------+------------------+


Encoding Type:  One-Hot
+-------------------------------------------------------------------------------------------------------------------------------------------------------------------------------------------------------------------------------------------------------------------------------------------------------------------------------------------------------------------------------------------------------------------------+
; State Machine - |baseball_integration|game_logic:GAME|current_state                                                                                                                                                                                                                                                                                                                                                     ;
+-------------------+-------------------+-------------------+-------------------+-------------------+-------------------+-------------------+-------------------+-------------------+-------------------+-------------------+------------------+------------------+------------------+------------------+------------------+------------------+------------------+------------------+------------------+------------------+
; Name              ; current_state.s19 ; current_state.s18 ; current_state.s17 ; current_state.s16 ; current_state.s15 ; current_state.s14 ; current_state.s13 ; current_state.s12 ; current_state.s11 ; current_state.s10 ; current_state.s9 ; current_state.s8 ; current_state.s7 ; current_state.s6 ; current_state.s5 ; current_state.s4 ; current_state.s3 ; current_state.s2 ; current_state.s1 ; current_state.s0 ;
+-------------------+-------------------+-------------------+-------------------+-------------------+-------------------+-------------------+-------------------+-------------------+-------------------+-------------------+------------------+------------------+------------------+------------------+------------------+------------------+------------------+------------------+------------------+------------------+
; current_state.s0  ; 0                 ; 0                 ; 0                 ; 0                 ; 0                 ; 0                 ; 0                 ; 0                 ; 0                 ; 0                 ; 0                ; 0                ; 0                ; 0                ; 0                ; 0                ; 0                ; 0                ; 0                ; 0                ;
; current_state.s1  ; 0                 ; 0                 ; 0                 ; 0                 ; 0                 ; 0                 ; 0                 ; 0                 ; 0                 ; 0                 ; 0                ; 0                ; 0                ; 0                ; 0                ; 0                ; 0                ; 0                ; 1                ; 1                ;
; current_state.s2  ; 0                 ; 0                 ; 0                 ; 0                 ; 0                 ; 0                 ; 0                 ; 0                 ; 0                 ; 0                 ; 0                ; 0                ; 0                ; 0                ; 0                ; 0                ; 0                ; 1                ; 0                ; 1                ;
; current_state.s3  ; 0                 ; 0                 ; 0                 ; 0                 ; 0                 ; 0                 ; 0                 ; 0                 ; 0                 ; 0                 ; 0                ; 0                ; 0                ; 0                ; 0                ; 0                ; 1                ; 0                ; 0                ; 1                ;
; current_state.s4  ; 0                 ; 0                 ; 0                 ; 0                 ; 0                 ; 0                 ; 0                 ; 0                 ; 0                 ; 0                 ; 0                ; 0                ; 0                ; 0                ; 0                ; 1                ; 0                ; 0                ; 0                ; 1                ;
; current_state.s5  ; 0                 ; 0                 ; 0                 ; 0                 ; 0                 ; 0                 ; 0                 ; 0                 ; 0                 ; 0                 ; 0                ; 0                ; 0                ; 0                ; 1                ; 0                ; 0                ; 0                ; 0                ; 1                ;
; current_state.s6  ; 0                 ; 0                 ; 0                 ; 0                 ; 0                 ; 0                 ; 0                 ; 0                 ; 0                 ; 0                 ; 0                ; 0                ; 0                ; 1                ; 0                ; 0                ; 0                ; 0                ; 0                ; 1                ;
; current_state.s7  ; 0                 ; 0                 ; 0                 ; 0                 ; 0                 ; 0                 ; 0                 ; 0                 ; 0                 ; 0                 ; 0                ; 0                ; 1                ; 0                ; 0                ; 0                ; 0                ; 0                ; 0                ; 1                ;
; current_state.s8  ; 0                 ; 0                 ; 0                 ; 0                 ; 0                 ; 0                 ; 0                 ; 0                 ; 0                 ; 0                 ; 0                ; 1                ; 0                ; 0                ; 0                ; 0                ; 0                ; 0                ; 0                ; 1                ;
; current_state.s9  ; 0                 ; 0                 ; 0                 ; 0                 ; 0                 ; 0                 ; 0                 ; 0                 ; 0                 ; 0                 ; 1                ; 0                ; 0                ; 0                ; 0                ; 0                ; 0                ; 0                ; 0                ; 1                ;
; current_state.s10 ; 0                 ; 0                 ; 0                 ; 0                 ; 0                 ; 0                 ; 0                 ; 0                 ; 0                 ; 1                 ; 0                ; 0                ; 0                ; 0                ; 0                ; 0                ; 0                ; 0                ; 0                ; 1                ;
; current_state.s11 ; 0                 ; 0                 ; 0                 ; 0                 ; 0                 ; 0                 ; 0                 ; 0                 ; 1                 ; 0                 ; 0                ; 0                ; 0                ; 0                ; 0                ; 0                ; 0                ; 0                ; 0                ; 1                ;
; current_state.s12 ; 0                 ; 0                 ; 0                 ; 0                 ; 0                 ; 0                 ; 0                 ; 1                 ; 0                 ; 0                 ; 0                ; 0                ; 0                ; 0                ; 0                ; 0                ; 0                ; 0                ; 0                ; 1                ;
; current_state.s13 ; 0                 ; 0                 ; 0                 ; 0                 ; 0                 ; 0                 ; 1                 ; 0                 ; 0                 ; 0                 ; 0                ; 0                ; 0                ; 0                ; 0                ; 0                ; 0                ; 0                ; 0                ; 1                ;
; current_state.s14 ; 0                 ; 0                 ; 0                 ; 0                 ; 0                 ; 1                 ; 0                 ; 0                 ; 0                 ; 0                 ; 0                ; 0                ; 0                ; 0                ; 0                ; 0                ; 0                ; 0                ; 0                ; 1                ;
; current_state.s15 ; 0                 ; 0                 ; 0                 ; 0                 ; 1                 ; 0                 ; 0                 ; 0                 ; 0                 ; 0                 ; 0                ; 0                ; 0                ; 0                ; 0                ; 0                ; 0                ; 0                ; 0                ; 1                ;
; current_state.s16 ; 0                 ; 0                 ; 0                 ; 1                 ; 0                 ; 0                 ; 0                 ; 0                 ; 0                 ; 0                 ; 0                ; 0                ; 0                ; 0                ; 0                ; 0                ; 0                ; 0                ; 0                ; 1                ;
; current_state.s17 ; 0                 ; 0                 ; 1                 ; 0                 ; 0                 ; 0                 ; 0                 ; 0                 ; 0                 ; 0                 ; 0                ; 0                ; 0                ; 0                ; 0                ; 0                ; 0                ; 0                ; 0                ; 1                ;
; current_state.s18 ; 0                 ; 1                 ; 0                 ; 0                 ; 0                 ; 0                 ; 0                 ; 0                 ; 0                 ; 0                 ; 0                ; 0                ; 0                ; 0                ; 0                ; 0                ; 0                ; 0                ; 0                ; 1                ;
; current_state.s19 ; 1                 ; 0                 ; 0                 ; 0                 ; 0                 ; 0                 ; 0                 ; 0                 ; 0                 ; 0                 ; 0                ; 0                ; 0                ; 0                ; 0                ; 0                ; 0                ; 0                ; 0                ; 1                ;
+-------------------+-------------------+-------------------+-------------------+-------------------+-------------------+-------------------+-------------------+-------------------+-------------------+-------------------+------------------+------------------+------------------+------------------+------------------+------------------+------------------+------------------+------------------+------------------+


+----------------------------------------------------------------------------------+
; Registers Removed During Synthesis                                               ;
+---------------------------------------+------------------------------------------+
; Register name                         ; Reason for Removal                       ;
+---------------------------------------+------------------------------------------+
; frequency:TX_CLOCK|cont[0]            ; Merged with frequency:GAME_CLOCK|cont[0] ;
; frequency:TX_CLOCK|cont[1]            ; Merged with frequency:GAME_CLOCK|cont[1] ;
; Total Number of Removed Registers = 2 ;                                          ;
+---------------------------------------+------------------------------------------+


+------------------------------------------------------+
; General Register Statistics                          ;
+----------------------------------------------+-------+
; Statistic                                    ; Value ;
+----------------------------------------------+-------+
; Total registers                              ; 184   ;
; Number of registers using Synchronous Clear  ; 10    ;
; Number of registers using Synchronous Load   ; 10    ;
; Number of registers using Asynchronous Clear ; 55    ;
; Number of registers using Asynchronous Load  ; 0     ;
; Number of registers using Clock Enable       ; 22    ;
; Number of registers using Preset             ; 0     ;
+----------------------------------------------+-------+


+---------------------------------------------------------------------------------------------------------------------------------------------------------------------+
; Multiplexer Restructuring Statistics (Restructuring Performed)                                                                                                      ;
+--------------------+-----------+---------------+----------------------+------------------------+------------+-------------------------------------------------------+
; Multiplexer Inputs ; Bus Width ; Baseline Area ; Area if Restructured ; Saving if Restructured ; Registered ; Example Multiplexer Output                            ;
+--------------------+-----------+---------------+----------------------+------------------------+------------+-------------------------------------------------------+
; 6:1                ; 2 bits    ; 8 LEs         ; 4 LEs                ; 4 LEs                  ; Yes        ; |baseball_integration|game_logic:GAME|strike_count[0] ;
; 6:1                ; 2 bits    ; 8 LEs         ; 6 LEs                ; 2 LEs                  ; No         ; |baseball_integration|game_logic:GAME|Selector11      ;
+--------------------+-----------+---------------+----------------------+------------------------+------------+-------------------------------------------------------+


+-------------------------------------------------------------------+
; Parameter Settings for User Entity Instance: frequency:GAME_CLOCK ;
+----------------+---------+----------------------------------------+
; Parameter Name ; Value   ; Type                                   ;
+----------------+---------+----------------------------------------+
; pulse          ; 2500000 ; Signed Integer                         ;
+----------------+---------+----------------------------------------+
Note: In order to hide this table in the UI and the text report file, please set the "Show Parameter Settings in Synthesis Report" option in "Analysis and Synthesis Settings -> More Settings" to "Off".


+------------------------------------------------------------------+
; Parameter Settings for User Entity Instance: frequency:VGA_CLOCK ;
+----------------+-------+-----------------------------------------+
; Parameter Name ; Value ; Type                                    ;
+----------------+-------+-----------------------------------------+
; pulse          ; 1     ; Signed Integer                          ;
+----------------+-------+-----------------------------------------+
Note: In order to hide this table in the UI and the text report file, please set the "Show Parameter Settings in Synthesis Report" option in "Analysis and Synthesis Settings -> More Settings" to "Off".


+-----------------------------------------------------------------+
; Parameter Settings for User Entity Instance: frequency:TX_CLOCK ;
+----------------+-------+----------------------------------------+
; Parameter Name ; Value ; Type                                   ;
+----------------+-------+----------------------------------------+
; pulse          ; 2604  ; Signed Integer                         ;
+----------------+-------+----------------------------------------+
Note: In order to hide this table in the UI and the text report file, please set the "Show Parameter Settings in Synthesis Report" option in "Analysis and Synthesis Settings -> More Settings" to "Off".


+--------------------------------------------------------------+
; Parameter Settings for User Entity Instance: game_logic:GAME ;
+----------------+-------+-------------------------------------+
; Parameter Name ; Value ; Type                                ;
+----------------+-------+-------------------------------------+
; approach_ticks ; 100   ; Signed Integer                      ;
; hit_ticks      ; 100   ; Signed Integer                      ;
; anim_ticks     ; 100   ; Signed Integer                      ;
+----------------+-------+-------------------------------------+
Note: In order to hide this table in the UI and the text report file, please set the "Show Parameter Settings in Synthesis Report" option in "Analysis and Synthesis Settings -> More Settings" to "Off".


+-------------------------------------------------------------------------------------+
; Parameter Settings for Inferred Entity Instance: vga_renderer:RENDER|lpm_mult:Mult0 ;
+------------------------------------------------+----------+-------------------------+
; Parameter Name                                 ; Value    ; Type                    ;
+------------------------------------------------+----------+-------------------------+
; AUTO_CARRY_CHAINS                              ; ON       ; AUTO_CARRY              ;
; IGNORE_CARRY_BUFFERS                           ; OFF      ; IGNORE_CARRY            ;
; AUTO_CASCADE_CHAINS                            ; ON       ; AUTO_CASCADE            ;
; IGNORE_CASCADE_BUFFERS                         ; OFF      ; IGNORE_CASCADE          ;
; LPM_WIDTHA                                     ; 11       ; Untyped                 ;
; LPM_WIDTHB                                     ; 11       ; Untyped                 ;
; LPM_WIDTHP                                     ; 22       ; Untyped                 ;
; LPM_WIDTHR                                     ; 22       ; Untyped                 ;
; LPM_WIDTHS                                     ; 1        ; Untyped                 ;
; LPM_REPRESENTATION                             ; SIGNED   ; Untyped                 ;
; LPM_PIPELINE                                   ; 0        ; Untyped                 ;
; LATENCY                                        ; 0        ; Untyped                 ;
; INPUT_A_IS_CONSTANT                            ; NO       ; Untyped                 ;
; INPUT_B_IS_CONSTANT                            ; NO       ; Untyped                 ;
; USE_EAB                                        ; OFF      ; Untyped                 ;
; MAXIMIZE_SPEED                                 ; 6        ; Untyped                 ;
; DEVICE_FAMILY                                  ; MAX 10   ; Untyped                 ;
; CARRY_CHAIN                                    ; MANUAL   ; Untyped                 ;
; APEX20K_TECHNOLOGY_MAPPER                      ; LUT      ; TECH_MAPPER_APEX20K     ;
; DEDICATED_MULTIPLIER_CIRCUITRY                 ; AUTO     ; Untyped                 ;
; DEDICATED_MULTIPLIER_MIN_INPUT_WIDTH_FOR_AUTO  ; 0        ; Untyped                 ;
; DEDICATED_MULTIPLIER_MIN_OUTPUT_WIDTH_FOR_AUTO ; 0        ; Untyped                 ;
; CBXI_PARAMETER                                 ; mult_fgs ; Untyped                 ;
; INPUT_A_FIXED_VALUE                            ; Bx       ; Untyped                 ;
; INPUT_B_FIXED_VALUE                            ; Bx       ; Untyped                 ;
; USE_AHDL_IMPLEMENTATION                        ; OFF      ; Untyped                 ;
+------------------------------------------------+----------+-------------------------+
Note: In order to hide this table in the UI and the text report file, please set the "Show Parameter Settings in Synthesis Report" option in "Analysis and Synthesis Settings -> More Settings" to "Off".


+-------------------------------------------------------------------------------------+
; Parameter Settings for Inferred Entity Instance: vga_renderer:RENDER|lpm_mult:Mult1 ;
+------------------------------------------------+----------+-------------------------+
; Parameter Name                                 ; Value    ; Type                    ;
+------------------------------------------------+----------+-------------------------+
; AUTO_CARRY_CHAINS                              ; ON       ; AUTO_CARRY              ;
; IGNORE_CARRY_BUFFERS                           ; OFF      ; IGNORE_CARRY            ;
; AUTO_CASCADE_CHAINS                            ; ON       ; AUTO_CASCADE            ;
; IGNORE_CASCADE_BUFFERS                         ; OFF      ; IGNORE_CASCADE          ;
; LPM_WIDTHA                                     ; 11       ; Untyped                 ;
; LPM_WIDTHB                                     ; 11       ; Untyped                 ;
; LPM_WIDTHP                                     ; 22       ; Untyped                 ;
; LPM_WIDTHR                                     ; 22       ; Untyped                 ;
; LPM_WIDTHS                                     ; 1        ; Untyped                 ;
; LPM_REPRESENTATION                             ; SIGNED   ; Untyped                 ;
; LPM_PIPELINE                                   ; 0        ; Untyped                 ;
; LATENCY                                        ; 0        ; Untyped                 ;
; INPUT_A_IS_CONSTANT                            ; NO       ; Untyped                 ;
; INPUT_B_IS_CONSTANT                            ; NO       ; Untyped                 ;
; USE_EAB                                        ; OFF      ; Untyped                 ;
; MAXIMIZE_SPEED                                 ; 6        ; Untyped                 ;
; DEVICE_FAMILY                                  ; MAX 10   ; Untyped                 ;
; CARRY_CHAIN                                    ; MANUAL   ; Untyped                 ;
; APEX20K_TECHNOLOGY_MAPPER                      ; LUT      ; TECH_MAPPER_APEX20K     ;
; DEDICATED_MULTIPLIER_CIRCUITRY                 ; AUTO     ; Untyped                 ;
; DEDICATED_MULTIPLIER_MIN_INPUT_WIDTH_FOR_AUTO  ; 0        ; Untyped                 ;
; DEDICATED_MULTIPLIER_MIN_OUTPUT_WIDTH_FOR_AUTO ; 0        ; Untyped                 ;
; CBXI_PARAMETER                                 ; mult_fgs ; Untyped                 ;
; INPUT_A_FIXED_VALUE                            ; Bx       ; Untyped                 ;
; INPUT_B_FIXED_VALUE                            ; Bx       ; Untyped                 ;
; USE_AHDL_IMPLEMENTATION                        ; OFF      ; Untyped                 ;
+------------------------------------------------+----------+-------------------------+
Note: In order to hide this table in the UI and the text report file, please set the "Show Parameter Settings in Synthesis Report" option in "Analysis and Synthesis Settings -> More Settings" to "Off".


+-------------------------------------------------------------------------------------+
; Parameter Settings for Inferred Entity Instance: vga_renderer:RENDER|lpm_mult:Mult2 ;
+------------------------------------------------+----------+-------------------------+
; Parameter Name                                 ; Value    ; Type                    ;
+------------------------------------------------+----------+-------------------------+
; AUTO_CARRY_CHAINS                              ; ON       ; AUTO_CARRY              ;
; IGNORE_CARRY_BUFFERS                           ; OFF      ; IGNORE_CARRY            ;
; AUTO_CASCADE_CHAINS                            ; ON       ; AUTO_CASCADE            ;
; IGNORE_CASCADE_BUFFERS                         ; OFF      ; IGNORE_CASCADE          ;
; LPM_WIDTHA                                     ; 11       ; Untyped                 ;
; LPM_WIDTHB                                     ; 11       ; Untyped                 ;
; LPM_WIDTHP                                     ; 22       ; Untyped                 ;
; LPM_WIDTHR                                     ; 22       ; Untyped                 ;
; LPM_WIDTHS                                     ; 1        ; Untyped                 ;
; LPM_REPRESENTATION                             ; SIGNED   ; Untyped                 ;
; LPM_PIPELINE                                   ; 0        ; Untyped                 ;
; LATENCY                                        ; 0        ; Untyped                 ;
; INPUT_A_IS_CONSTANT                            ; NO       ; Untyped                 ;
; INPUT_B_IS_CONSTANT                            ; NO       ; Untyped                 ;
; USE_EAB                                        ; OFF      ; Untyped                 ;
; MAXIMIZE_SPEED                                 ; 6        ; Untyped                 ;
; DEVICE_FAMILY                                  ; MAX 10   ; Untyped                 ;
; CARRY_CHAIN                                    ; MANUAL   ; Untyped                 ;
; APEX20K_TECHNOLOGY_MAPPER                      ; LUT      ; TECH_MAPPER_APEX20K     ;
; DEDICATED_MULTIPLIER_CIRCUITRY                 ; AUTO     ; Untyped                 ;
; DEDICATED_MULTIPLIER_MIN_INPUT_WIDTH_FOR_AUTO  ; 0        ; Untyped                 ;
; DEDICATED_MULTIPLIER_MIN_OUTPUT_WIDTH_FOR_AUTO ; 0        ; Untyped                 ;
; CBXI_PARAMETER                                 ; mult_fgs ; Untyped                 ;
; INPUT_A_FIXED_VALUE                            ; Bx       ; Untyped                 ;
; INPUT_B_FIXED_VALUE                            ; Bx       ; Untyped                 ;
; USE_AHDL_IMPLEMENTATION                        ; OFF      ; Untyped                 ;
+------------------------------------------------+----------+-------------------------+
Note: In order to hide this table in the UI and the text report file, please set the "Show Parameter Settings in Synthesis Report" option in "Analysis and Synthesis Settings -> More Settings" to "Off".


+-------------------------------------------------------------------------------------+
; Parameter Settings for Inferred Entity Instance: vga_renderer:RENDER|lpm_mult:Mult3 ;
+------------------------------------------------+----------+-------------------------+
; Parameter Name                                 ; Value    ; Type                    ;
+------------------------------------------------+----------+-------------------------+
; AUTO_CARRY_CHAINS                              ; ON       ; AUTO_CARRY              ;
; IGNORE_CARRY_BUFFERS                           ; OFF      ; IGNORE_CARRY            ;
; AUTO_CASCADE_CHAINS                            ; ON       ; AUTO_CASCADE            ;
; IGNORE_CASCADE_BUFFERS                         ; OFF      ; IGNORE_CASCADE          ;
; LPM_WIDTHA                                     ; 11       ; Untyped                 ;
; LPM_WIDTHB                                     ; 11       ; Untyped                 ;
; LPM_WIDTHP                                     ; 22       ; Untyped                 ;
; LPM_WIDTHR                                     ; 22       ; Untyped                 ;
; LPM_WIDTHS                                     ; 1        ; Untyped                 ;
; LPM_REPRESENTATION                             ; SIGNED   ; Untyped                 ;
; LPM_PIPELINE                                   ; 0        ; Untyped                 ;
; LATENCY                                        ; 0        ; Untyped                 ;
; INPUT_A_IS_CONSTANT                            ; NO       ; Untyped                 ;
; INPUT_B_IS_CONSTANT                            ; NO       ; Untyped                 ;
; USE_EAB                                        ; OFF      ; Untyped                 ;
; MAXIMIZE_SPEED                                 ; 6        ; Untyped                 ;
; DEVICE_FAMILY                                  ; MAX 10   ; Untyped                 ;
; CARRY_CHAIN                                    ; MANUAL   ; Untyped                 ;
; APEX20K_TECHNOLOGY_MAPPER                      ; LUT      ; TECH_MAPPER_APEX20K     ;
; DEDICATED_MULTIPLIER_CIRCUITRY                 ; AUTO     ; Untyped                 ;
; DEDICATED_MULTIPLIER_MIN_INPUT_WIDTH_FOR_AUTO  ; 0        ; Untyped                 ;
; DEDICATED_MULTIPLIER_MIN_OUTPUT_WIDTH_FOR_AUTO ; 0        ; Untyped                 ;
; CBXI_PARAMETER                                 ; mult_fgs ; Untyped                 ;
; INPUT_A_FIXED_VALUE                            ; Bx       ; Untyped                 ;
; INPUT_B_FIXED_VALUE                            ; Bx       ; Untyped                 ;
; USE_AHDL_IMPLEMENTATION                        ; OFF      ; Untyped                 ;
+------------------------------------------------+----------+-------------------------+
Note: In order to hide this table in the UI and the text report file, please set the "Show Parameter Settings in Synthesis Report" option in "Analysis and Synthesis Settings -> More Settings" to "Off".


+-------------------------------------------------------------------------------------+
; Parameter Settings for Inferred Entity Instance: vga_renderer:RENDER|lpm_mult:Mult4 ;
+------------------------------------------------+----------+-------------------------+
; Parameter Name                                 ; Value    ; Type                    ;
+------------------------------------------------+----------+-------------------------+
; AUTO_CARRY_CHAINS                              ; ON       ; AUTO_CARRY              ;
; IGNORE_CARRY_BUFFERS                           ; OFF      ; IGNORE_CARRY            ;
; AUTO_CASCADE_CHAINS                            ; ON       ; AUTO_CASCADE            ;
; IGNORE_CASCADE_BUFFERS                         ; OFF      ; IGNORE_CASCADE          ;
; LPM_WIDTHA                                     ; 11       ; Untyped                 ;
; LPM_WIDTHB                                     ; 11       ; Untyped                 ;
; LPM_WIDTHP                                     ; 22       ; Untyped                 ;
; LPM_WIDTHR                                     ; 22       ; Untyped                 ;
; LPM_WIDTHS                                     ; 1        ; Untyped                 ;
; LPM_REPRESENTATION                             ; SIGNED   ; Untyped                 ;
; LPM_PIPELINE                                   ; 0        ; Untyped                 ;
; LATENCY                                        ; 0        ; Untyped                 ;
; INPUT_A_IS_CONSTANT                            ; NO       ; Untyped                 ;
; INPUT_B_IS_CONSTANT                            ; NO       ; Untyped                 ;
; USE_EAB                                        ; OFF      ; Untyped                 ;
; MAXIMIZE_SPEED                                 ; 6        ; Untyped                 ;
; DEVICE_FAMILY                                  ; MAX 10   ; Untyped                 ;
; CARRY_CHAIN                                    ; MANUAL   ; Untyped                 ;
; APEX20K_TECHNOLOGY_MAPPER                      ; LUT      ; TECH_MAPPER_APEX20K     ;
; DEDICATED_MULTIPLIER_CIRCUITRY                 ; AUTO     ; Untyped                 ;
; DEDICATED_MULTIPLIER_MIN_INPUT_WIDTH_FOR_AUTO  ; 0        ; Untyped                 ;
; DEDICATED_MULTIPLIER_MIN_OUTPUT_WIDTH_FOR_AUTO ; 0        ; Untyped                 ;
; CBXI_PARAMETER                                 ; mult_fgs ; Untyped                 ;
; INPUT_A_FIXED_VALUE                            ; Bx       ; Untyped                 ;
; INPUT_B_FIXED_VALUE                            ; Bx       ; Untyped                 ;
; USE_AHDL_IMPLEMENTATION                        ; OFF      ; Untyped                 ;
+------------------------------------------------+----------+-------------------------+
Note: In order to hide this table in the UI and the text report file, please set the "Show Parameter Settings in Synthesis Report" option in "Analysis and Synthesis Settings -> More Settings" to "Off".


+----------------------------------------------------------------------------+
; lpm_mult Parameter Settings by Entity Instance                             ;
+---------------------------------------+------------------------------------+
; Name                                  ; Value                              ;
+---------------------------------------+------------------------------------+
; Number of entity instances            ; 5                                  ;
; Entity Instance                       ; vga_renderer:RENDER|lpm_mult:Mult0 ;
;     -- LPM_WIDTHA                     ; 11                                 ;
;     -- LPM_WIDTHB                     ; 11                                 ;
;     -- LPM_WIDTHP                     ; 22                                 ;
;     -- LPM_REPRESENTATION             ; SIGNED                             ;
;     -- INPUT_A_IS_CONSTANT            ; NO                                 ;
;     -- INPUT_B_IS_CONSTANT            ; NO                                 ;
;     -- USE_EAB                        ; OFF                                ;
;     -- DEDICATED_MULTIPLIER_CIRCUITRY ; AUTO                               ;
;     -- INPUT_A_FIXED_VALUE            ; Bx                                 ;
;     -- INPUT_B_FIXED_VALUE            ; Bx                                 ;
; Entity Instance                       ; vga_renderer:RENDER|lpm_mult:Mult1 ;
;     -- LPM_WIDTHA                     ; 11                                 ;
;     -- LPM_WIDTHB                     ; 11                                 ;
;     -- LPM_WIDTHP                     ; 22                                 ;
;     -- LPM_REPRESENTATION             ; SIGNED                             ;
;     -- INPUT_A_IS_CONSTANT            ; NO                                 ;
;     -- INPUT_B_IS_CONSTANT            ; NO                                 ;
;     -- USE_EAB                        ; OFF                                ;
;     -- DEDICATED_MULTIPLIER_CIRCUITRY ; AUTO                               ;
;     -- INPUT_A_FIXED_VALUE            ; Bx                                 ;
;     -- INPUT_B_FIXED_VALUE            ; Bx                                 ;
; Entity Instance                       ; vga_renderer:RENDER|lpm_mult:Mult2 ;
;     -- LPM_WIDTHA                     ; 11                                 ;
;     -- LPM_WIDTHB                     ; 11                                 ;
;     -- LPM_WIDTHP                     ; 22                                 ;
;     -- LPM_REPRESENTATION             ; SIGNED                             ;
;     -- INPUT_A_IS_CONSTANT            ; NO                                 ;
;     -- INPUT_B_IS_CONSTANT            ; NO                                 ;
;     -- USE_EAB                        ; OFF                                ;
;     -- DEDICATED_MULTIPLIER_CIRCUITRY ; AUTO                               ;
;     -- INPUT_A_FIXED_VALUE            ; Bx                                 ;
;     -- INPUT_B_FIXED_VALUE            ; Bx                                 ;
; Entity Instance                       ; vga_renderer:RENDER|lpm_mult:Mult3 ;
;     -- LPM_WIDTHA                     ; 11                                 ;
;     -- LPM_WIDTHB                     ; 11                                 ;
;     -- LPM_WIDTHP                     ; 22                                 ;
;     -- LPM_REPRESENTATION             ; SIGNED                             ;
;     -- INPUT_A_IS_CONSTANT            ; NO                                 ;
;     -- INPUT_B_IS_CONSTANT            ; NO                                 ;
;     -- USE_EAB                        ; OFF                                ;
;     -- DEDICATED_MULTIPLIER_CIRCUITRY ; AUTO                               ;
;     -- INPUT_A_FIXED_VALUE            ; Bx                                 ;
;     -- INPUT_B_FIXED_VALUE            ; Bx                                 ;
; Entity Instance                       ; vga_renderer:RENDER|lpm_mult:Mult4 ;
;     -- LPM_WIDTHA                     ; 11                                 ;
;     -- LPM_WIDTHB                     ; 11                                 ;
;     -- LPM_WIDTHP                     ; 22                                 ;
;     -- LPM_REPRESENTATION             ; SIGNED                             ;
;     -- INPUT_A_IS_CONSTANT            ; NO                                 ;
;     -- INPUT_B_IS_CONSTANT            ; NO                                 ;
;     -- USE_EAB                        ; OFF                                ;
;     -- DEDICATED_MULTIPLIER_CIRCUITRY ; AUTO                               ;
;     -- INPUT_A_FIXED_VALUE            ; Bx                                 ;
;     -- INPUT_B_FIXED_VALUE            ; Bx                                 ;
+---------------------------------------+------------------------------------+


+-----------------------------------------------------+
; Post-Synthesis Netlist Statistics for Top Partition ;
+-----------------------+-----------------------------+
; Type                  ; Count                       ;
+-----------------------+-----------------------------+
; boundary_port         ; 24                          ;
; cycloneiii_ff         ; 184                         ;
;     CLR               ; 35                          ;
;     CLR SCLR SLD      ; 10                          ;
;     ENA               ; 12                          ;
;     ENA CLR           ; 10                          ;
;     plain             ; 117                         ;
; cycloneiii_lcell_comb ; 889                         ;
;     arith             ; 349                         ;
;         2 data inputs ; 178                         ;
;         3 data inputs ; 171                         ;
;     normal            ; 540                         ;
;         0 data inputs ; 21                          ;
;         1 data inputs ; 12                          ;
;         2 data inputs ; 51                          ;
;         3 data inputs ; 73                          ;
;         4 data inputs ; 383                         ;
; cycloneiii_mac_mult   ; 5                           ;
; cycloneiii_mac_out    ; 5                           ;
;                       ;                             ;
; Max LUT depth         ; 13.80                       ;
; Average LUT depth     ; 8.09                        ;
+-----------------------+-----------------------------+


+-------------------------------+
; Elapsed Time Per Partition    ;
+----------------+--------------+
; Partition Name ; Elapsed Time ;
+----------------+--------------+
; Top            ; 00:00:05     ;
+----------------+--------------+


+-------------------------------+
; Analysis & Synthesis Messages ;
+-------------------------------+
Info: *******************************************************************
Info: Running Quartus Prime Analysis & Synthesis
    Info: Version 25.1std.0 Build 1129 10/21/2025 SC Lite Edition
    Info: Processing started: Thu Mar  5 16:50:25 2026
Info: Command: quartus_map --read_settings_files=on --write_settings_files=off baseball_integration -c baseball_integration
Warning (18236): Number of processors has not been specified which may cause overloading on shared machines.  Set the global assignment NUM_PARALLEL_PROCESSORS in your QSF to an appropriate value for best performance.
Info (20030): Parallel compilation is enabled and will use 10 of the 10 processors detected
Info (12021): Found 2 design units, including 1 entities, in source file baseball_integration.vhd
    Info (12022): Found design unit 1: baseball_integration-behavior File: C:/quartus/pprueba/baseball_integration1/baseball_integration.vhd Line: 20
    Info (12023): Found entity 1: baseball_integration File: C:/quartus/pprueba/baseball_integration1/baseball_integration.vhd Line: 4
Info (12021): Found 2 design units, including 1 entities, in source file game_logic.vhd
    Info (12022): Found design unit 1: game_logic-behavior File: C:/quartus/pprueba/baseball_integration1/game_logic.vhd Line: 22
    Info (12023): Found entity 1: game_logic File: C:/quartus/pprueba/baseball_integration1/game_logic.vhd Line: 5
Info (12021): Found 2 design units, including 1 entities, in source file uart_tx.vhd
    Info (12022): Found design unit 1: uart_tx-behavior File: C:/quartus/pprueba/baseball_integration1/uart_tx.vhd Line: 11
    Info (12023): Found entity 1: uart_tx File: C:/quartus/pprueba/baseball_integration1/uart_tx.vhd Line: 4
Info (12021): Found 2 design units, including 1 entities, in source file vga_renderer.vhd
    Info (12022): Found design unit 1: vga_renderer-behavior File: C:/quartus/pprueba/baseball_integration1/vga_renderer.vhd Line: 19
    Info (12023): Found entity 1: vga_renderer File: C:/quartus/pprueba/baseball_integration1/vga_renderer.vhd Line: 5
Info (12021): Found 2 design units, including 1 entities, in source file vga_sync.vhd
    Info (12022): Found design unit 1: vga_sync-behavior File: C:/quartus/pprueba/baseball_integration1/vga_sync.vhd Line: 16
    Info (12023): Found entity 1: vga_sync File: C:/quartus/pprueba/baseball_integration1/vga_sync.vhd Line: 5
Info (12021): Found 2 design units, including 1 entities, in source file fotorresistencia.vhd
    Info (12022): Found design unit 1: fotorresistencia-behav File: C:/quartus/pprueba/baseball_integration1/fotorresistencia.vhd Line: 12
    Info (12023): Found entity 1: fotorresistencia File: C:/quartus/pprueba/baseball_integration1/fotorresistencia.vhd Line: 5
Info (12021): Found 2 design units, including 1 entities, in source file frequency.vhd
    Info (12022): Found design unit 1: frequency-behavior File: C:/quartus/pprueba/baseball_integration1/frequency.vhd Line: 11
    Info (12023): Found entity 1: frequency File: C:/quartus/pprueba/baseball_integration1/frequency.vhd Line: 4
Info (12127): Elaborating entity "baseball_integration" for the top level hierarchy
Info (12128): Elaborating entity "frequency" for hierarchy "frequency:GAME_CLOCK" File: C:/quartus/pprueba/baseball_integration1/baseball_integration.vhd Line: 91
Info (12128): Elaborating entity "frequency" for hierarchy "frequency:VGA_CLOCK" File: C:/quartus/pprueba/baseball_integration1/baseball_integration.vhd Line: 92
Info (12128): Elaborating entity "frequency" for hierarchy "frequency:TX_CLOCK" File: C:/quartus/pprueba/baseball_integration1/baseball_integration.vhd Line: 93
Info (12128): Elaborating entity "game_logic" for hierarchy "game_logic:GAME" File: C:/quartus/pprueba/baseball_integration1/baseball_integration.vhd Line: 94
Info (12128): Elaborating entity "vga_sync" for hierarchy "vga_sync:SYNC" File: C:/quartus/pprueba/baseball_integration1/baseball_integration.vhd Line: 95
Info (12128): Elaborating entity "vga_renderer" for hierarchy "vga_renderer:RENDER" File: C:/quartus/pprueba/baseball_integration1/baseball_integration.vhd Line: 96
Info (12128): Elaborating entity "uart_tx" for hierarchy "uart_tx:TX" File: C:/quartus/pprueba/baseball_integration1/baseball_integration.vhd Line: 97
Info (278001): Inferred 5 megafunctions from design logic
    Info (278003): Inferred multiplier megafunction ("lpm_mult") from the following logic: "vga_renderer:RENDER|Mult0" File: C:/quartus/pprueba/baseball_integration1/vga_renderer.vhd Line: 81
    Info (278003): Inferred multiplier megafunction ("lpm_mult") from the following logic: "vga_renderer:RENDER|Mult1" File: C:/quartus/pprueba/baseball_integration1/vga_renderer.vhd Line: 81
    Info (278003): Inferred multiplier megafunction ("lpm_mult") from the following logic: "vga_renderer:RENDER|Mult2" File: C:/quartus/pprueba/baseball_integration1/vga_renderer.vhd Line: 93
    Info (278003): Inferred multiplier megafunction ("lpm_mult") from the following logic: "vga_renderer:RENDER|Mult3" File: C:/quartus/pprueba/baseball_integration1/vga_renderer.vhd Line: 105
    Info (278003): Inferred multiplier megafunction ("lpm_mult") from the following logic: "vga_renderer:RENDER|Mult4" File: C:/quartus/pprueba/baseball_integration1/vga_renderer.vhd Line: 117
Info (12130): Elaborated megafunction instantiation "vga_renderer:RENDER|lpm_mult:Mult0" File: C:/quartus/pprueba/baseball_integration1/vga_renderer.vhd Line: 81
Info (12133): Instantiated megafunction "vga_renderer:RENDER|lpm_mult:Mult0" with the following parameter: File: C:/quartus/pprueba/baseball_integration1/vga_renderer.vhd Line: 81
    Info (12134): Parameter "LPM_WIDTHA" = "11"
    Info (12134): Parameter "LPM_WIDTHB" = "11"
    Info (12134): Parameter "LPM_WIDTHP" = "22"
    Info (12134): Parameter "LPM_WIDTHR" = "22"
    Info (12134): Parameter "LPM_WIDTHS" = "1"
    Info (12134): Parameter "LPM_REPRESENTATION" = "SIGNED"
    Info (12134): Parameter "INPUT_A_IS_CONSTANT" = "NO"
    Info (12134): Parameter "INPUT_B_IS_CONSTANT" = "NO"
    Info (12134): Parameter "MAXIMIZE_SPEED" = "6"
Info (12021): Found 1 design units, including 1 entities, in source file db/mult_fgs.tdf
    Info (12023): Found entity 1: mult_fgs File: C:/quartus/pprueba/baseball_integration1/db/mult_fgs.tdf Line: 29
Info (286030): Timing-Driven Synthesis is running
Info (16010): Generating hard_block partition "hard_block:auto_generated_inst"
    Info (16011): Adding 0 node(s), including 0 DDIO, 0 PLL, 0 transceiver and 0 LCELL
Info (21057): Implemented 1038 device resources after synthesis - the final resource count might be different
    Info (21058): Implemented 4 input pins
    Info (21059): Implemented 20 output pins
    Info (21061): Implemented 1004 logic cells
    Info (21062): Implemented 10 DSP elements
Info: Quartus Prime Analysis & Synthesis was successful. 0 errors, 1 warning
    Info: Peak virtual memory: 4954 megabytes
    Info: Processing ended: Thu Mar  5 16:50:41 2026
    Info: Elapsed time: 00:00:16
    Info: Total CPU time (on all processors): 00:00:31


