Flow report for frec
Thu Feb 19 09:49:27 2026
Quartus Prime Version 25.1std.0 Build 1129 10/21/2025 SC Lite Edition


---------------------
; Table of Contents ;
---------------------
  1. Legal Notice
  2. Flow Summary
  3. Flow Settings
  4. Flow Non-Default Global Settings
  5. Flow Elapsed Time
  6. Flow OS Summary
  7. Flow Log
  8. Flow Messages
  9. Flow Suppressed Messages



----------------
; Legal Notice ;
----------------
Copyright (C) 2025  Altera Corporation. All rights reserved.
Your use of Altera Corporation's design tools, logic functions 
and other software and tools, and any partner logic 
functions, and any output files from any of the foregoing 
(including device programming or simulation files), and any 
associated documentation or information are expressly subject 
to the terms and conditions of the Altera Program License 
Subscription Agreement, the Altera Quartus Prime License Agreement,
the Altera IP License Agreement, or other applicable license
agreement, including, without limitation, that your use is for
the sole purpose of programming logic devices manufactured by
Altera and sold by Altera or its authorized distributors.  Please
refer to the Altera Software License Subscription Agreements 
on the Quartus Prime software download page.



+--------------------------------------------------------------------------------------+
; Flow Summary                                                                         ;
+------------------------------------+-------------------------------------------------+
; Flow Status                        ; Successful - Thu Feb 19 09:49:27 2026           ;
; Quartus Prime Version              ; 25.1std.0 Build 1129 10/21/2025 SC Lite Edition ;
; Revision Name                      ; frec                                            ;
; Top-level Entity Name              ; frec                                            ;
; Family                             ; MAX 10                                          ;
; Device                             ; 10M50DAF484C7G                                  ;
; Timing Models                      ; Final                                           ;
; Total logic elements               ; 58 / 49,760 ( < 1 % )                           ;
;     Total combinational functions  ; 58 / 49,760 ( < 1 % )                           ;
;     Dedicated logic registers      ; 33 / 49,760 ( < 1 % )                           ;
; Total registers                    ; 33                                              ;
; Total pins                         ; 2 / 360 ( < 1 % )                               ;
; Total virtual pins                 ; 0                                               ;
; Total memory bits                  ; 0 / 1,677,312 ( 0 % )                           ;
; Embedded Multiplier 9-bit elements ; 0 / 288 ( 0 % )                                 ;
; Total PLLs                         ; 0 / 4 ( 0 % )                                   ;
; UFM blocks                         ; 0 / 1 ( 0 % )                                   ;
; ADC blocks                         ; 0 / 2 ( 0 % )                                   ;
+------------------------------------+-------------------------------------------------+


+-----------------------------------------+
; Flow Settings                           ;
+-------------------+---------------------+
; Option            ; Setting             ;
+-------------------+---------------------+
; Start date & time ; 02/19/2026 09:47:25 ;
; Main task         ; Compilation         ;
; Revision Name     ; frec                ;
+-------------------+---------------------+


+-------------------------------------------------------------------------------------------------------------------------+
; Flow Non-Default Global Settings                                                                                        ;
+-------------------------------------+----------------------------------------+---------------+-------------+------------+
; Assignment Name                     ; Value                                  ; Default Value ; Entity Name ; Section Id ;
+-------------------------------------+----------------------------------------+---------------+-------------+------------+
; COMPILER_SIGNATURE_ID               ; 77232644178259.177151604515584         ; --            ; --          ; --         ;
; MAX_CORE_JUNCTION_TEMP              ; 85                                     ; --            ; --          ; --         ;
; MIN_CORE_JUNCTION_TEMP              ; 0                                      ; --            ; --          ; --         ;
; PARTITION_COLOR                     ; -- (Not supported for targeted family) ; --            ; --          ; Top        ;
; PARTITION_FITTER_PRESERVATION_LEVEL ; -- (Not supported for targeted family) ; --            ; --          ; Top        ;
; PARTITION_NETLIST_TYPE              ; -- (Not supported for targeted family) ; --            ; --          ; Top        ;
; PROJECT_OUTPUT_DIRECTORY            ; output_files                           ; --            ; --          ; --         ;
+-------------------------------------+----------------------------------------+---------------+-------------+------------+


+--------------------------------------------------------------------------------------------------------------------------+
; Flow Elapsed Time                                                                                                        ;
+----------------------+--------------+-------------------------+---------------------+------------------------------------+
; Module Name          ; Elapsed Time ; Average Processors Used ; Peak Virtual Memory ; Total CPU Time (on all processors) ;
+----------------------+--------------+-------------------------+---------------------+------------------------------------+
; Analysis & Synthesis ; 00:00:11     ; 1.0                     ; 4924 MB             ; 00:00:28                           ;
; Fitter               ; 00:00:13     ; 1.0                     ; 6129 MB             ; 00:00:17                           ;
; Assembler            ; 00:00:04     ; 1.0                     ; 4838 MB             ; 00:00:03                           ;
; Timing Analyzer      ; 00:00:03     ; 1.1                     ; 4924 MB             ; 00:00:03                           ;
; EDA Netlist Writer   ; 00:00:01     ; 1.0                     ; 4668 MB             ; 00:00:01                           ;
; EDA Netlist Writer   ; 00:00:00     ; 1.0                     ; 4684 MB             ; 00:00:01                           ;
; EDA Netlist Writer   ; 00:00:01     ; 1.0                     ; 4668 MB             ; 00:00:01                           ;
; EDA Netlist Writer   ; 00:00:00     ; 1.0                     ; 4684 MB             ; 00:00:01                           ;
; EDA Netlist Writer   ; 00:00:01     ; 1.0                     ; 4668 MB             ; 00:00:01                           ;
; EDA Netlist Writer   ; 00:00:00     ; 1.0                     ; 4684 MB             ; 00:00:01                           ;
; Total                ; 00:00:34     ; --                      ; --                  ; 00:00:57                           ;
+----------------------+--------------+-------------------------+---------------------+------------------------------------+


+------------------------------------------------------------------------------------+
; Flow OS Summary                                                                    ;
+----------------------+------------------+------------+------------+----------------+
; Module Name          ; Machine Hostname ; OS Name    ; OS Version ; Processor type ;
+----------------------+------------------+------------+------------+----------------+
; Analysis & Synthesis ; pipelap          ; Windows 10 ; 10.0       ; x86_64         ;
; Fitter               ; pipelap          ; Windows 10 ; 10.0       ; x86_64         ;
; Assembler            ; pipelap          ; Windows 10 ; 10.0       ; x86_64         ;
; Timing Analyzer      ; pipelap          ; Windows 10 ; 10.0       ; x86_64         ;
; EDA Netlist Writer   ; pipelap          ; Windows 10 ; 10.0       ; x86_64         ;
; EDA Netlist Writer   ; pipelap          ; Windows 10 ; 10.0       ; x86_64         ;
; EDA Netlist Writer   ; pipelap          ; Windows 10 ; 10.0       ; x86_64         ;
; EDA Netlist Writer   ; pipelap          ; Windows 10 ; 10.0       ; x86_64         ;
; EDA Netlist Writer   ; pipelap          ; Windows 10 ; 10.0       ; x86_64         ;
; EDA Netlist Writer   ; pipelap          ; Windows 10 ; 10.0       ; x86_64         ;
+----------------------+------------------+------------+------------+----------------+


------------
; Flow Log ;
------------
quartus_map --read_settings_files=on --write_settings_files=off frec -c frec
quartus_fit --read_settings_files=off --write_settings_files=off frec -c frec
quartus_asm --read_settings_files=off --write_settings_files=off frec -c frec
quartus_sta frec -c frec
quartus_eda --gen_testbench --tool=modelsim_oem --format=vhdl --write_settings_files=off frec -c frec --vector_source=C:/quartus/clocks/frec/Waveform.vwf --testbench_file=C:/quartus/clocks/frec/simulation/qsim/Waveform.vwf.vht
quartus_eda --write_settings_files=off --simulation=on --functional=on --flatten_buses=off --tool=modelsim_oem --format=vhdl --output_directory=C:/quartus/clocks/frec/simulation/qsim/ frec -c frec
quartus_eda --gen_testbench --tool=modelsim_oem --format=vhdl --write_settings_files=off frec -c frec --vector_source=C:/quartus/clocks/frec/Waveform.vwf --testbench_file=C:/quartus/clocks/frec/simulation/qsim/Waveform.vwf.vht
quartus_eda --write_settings_files=off --simulation=on --functional=on --flatten_buses=off --tool=modelsim_oem --format=vhdl --output_directory=C:/quartus/clocks/frec/simulation/qsim/ frec -c frec
quartus_eda --gen_testbench --tool=modelsim_oem --format=vhdl --write_settings_files=off frec -c frec --vector_source=C:/quartus/clocks/frec/Waveform.vwf --testbench_file=C:/quartus/clocks/frec/simulation/qsim/Waveform.vwf.vht
quartus_eda --write_settings_files=off --simulation=on --functional=on --flatten_buses=off --tool=modelsim_oem --format=vhdl --output_directory=C:/quartus/clocks/frec/simulation/qsim/ frec -c frec



