------------------------------------------------------------
Timing Analyzer Summary
------------------------------------------------------------

Type  : Slow 1200mV 85C Model Setup 'baud_clk'
Slack : -4.166
TNS   : -67.558

Type  : Slow 1200mV 85C Model Setup 'frec:U0|clock'
Slack : -0.370
TNS   : -4.198

Type  : Slow 1200mV 85C Model Hold 'frec:U0|clock'
Slack : 0.348
TNS   : 0.000

Type  : Slow 1200mV 85C Model Hold 'baud_clk'
Slack : 0.645
TNS   : 0.000

Type  : Slow 1200mV 85C Model Minimum Pulse Width 'baud_clk'
Slack : -3.000
TNS   : -49.299

Type  : Slow 1200mV 85C Model Minimum Pulse Width 'frec:U0|clock'
Slack : -1.403
TNS   : -51.911

Type  : Slow 1200mV 0C Model Setup 'baud_clk'
Slack : -3.795
TNS   : -58.096

Type  : Slow 1200mV 0C Model Setup 'frec:U0|clock'
Slack : -0.267
TNS   : -2.567

Type  : Slow 1200mV 0C Model Hold 'frec:U0|clock'
Slack : 0.311
TNS   : 0.000

Type  : Slow 1200mV 0C Model Hold 'baud_clk'
Slack : 0.596
TNS   : 0.000

Type  : Slow 1200mV 0C Model Minimum Pulse Width 'baud_clk'
Slack : -3.000
TNS   : -49.299

Type  : Slow 1200mV 0C Model Minimum Pulse Width 'frec:U0|clock'
Slack : -1.403
TNS   : -51.911

Type  : Fast 1200mV 0C Model Setup 'baud_clk'
Slack : -1.257
TNS   : -8.439

Type  : Fast 1200mV 0C Model Setup 'frec:U0|clock'
Slack : 0.389
TNS   : 0.000

Type  : Fast 1200mV 0C Model Hold 'frec:U0|clock'
Slack : 0.152
TNS   : 0.000

Type  : Fast 1200mV 0C Model Hold 'baud_clk'
Slack : 0.249
TNS   : 0.000

Type  : Fast 1200mV 0C Model Minimum Pulse Width 'baud_clk'
Slack : -3.000
TNS   : -37.136

Type  : Fast 1200mV 0C Model Minimum Pulse Width 'frec:U0|clock'
Slack : -1.000
TNS   : -37.000

------------------------------------------------------------
