Analysis & Synthesis report for luces
Wed Feb 25 11:17:25 2026
Quartus Prime Version 25.1std.0 Build 1129 10/21/2025 SC Lite Edition


---------------------
; Table of Contents ;
---------------------
  1. Legal Notice
  2. Analysis & Synthesis Summary
  3. Analysis & Synthesis Settings
  4. Parallel Compilation
  5. Analysis & Synthesis Source Files Read
  6. Analysis & Synthesis Resource Usage Summary
  7. Analysis & Synthesis Resource Utilization by Entity
  8. State Machine - |luces|state
  9. General Register Statistics
 10. Parameter Settings for User Entity Instance: Top-level Entity: |luces
 11. Parameter Settings for User Entity Instance: freq:u1
 12. Post-Synthesis Netlist Statistics for Top Partition
 13. Elapsed Time Per Partition
 14. Analysis & Synthesis Messages



----------------
; Legal Notice ;
----------------
Copyright (C) 2025  Altera Corporation. All rights reserved.
Your use of Altera Corporation's design tools, logic functions 
and other software and tools, and any partner logic 
functions, and any output files from any of the foregoing 
(including device programming or simulation files), and any 
associated documentation or information are expressly subject 
to the terms and conditions of the Altera Program License 
Subscription Agreement, the Altera Quartus Prime License Agreement,
the Altera IP License Agreement, or other applicable license
agreement, including, without limitation, that your use is for
the sole purpose of programming logic devices manufactured by
Altera and sold by Altera or its authorized distributors.  Please
refer to the Altera Software License Subscription Agreements 
on the Quartus Prime software download page.



+--------------------------------------------------------------------------------------+
; Analysis & Synthesis Summary                                                         ;
+------------------------------------+-------------------------------------------------+
; Analysis & Synthesis Status        ; Successful - Wed Feb 25 11:17:25 2026           ;
; Quartus Prime Version              ; 25.1std.0 Build 1129 10/21/2025 SC Lite Edition ;
; Revision Name                      ; luces                                           ;
; Top-level Entity Name              ; luces                                           ;
; Family                             ; MAX 10                                          ;
; Total logic elements               ; 76                                              ;
;     Total combinational functions  ; 76                                              ;
;     Dedicated logic registers      ; 42                                              ;
; Total registers                    ; 42                                              ;
; Total pins                         ; 51                                              ;
; Total virtual pins                 ; 0                                               ;
; Total memory bits                  ; 0                                               ;
; Embedded Multiplier 9-bit elements ; 0                                               ;
; Total PLLs                         ; 0                                               ;
; UFM blocks                         ; 0                                               ;
; ADC blocks                         ; 0                                               ;
+------------------------------------+-------------------------------------------------+


+------------------------------------------------------------------------------------------------------------+
; Analysis & Synthesis Settings                                                                              ;
+------------------------------------------------------------------+--------------------+--------------------+
; Option                                                           ; Setting            ; Default Value      ;
+------------------------------------------------------------------+--------------------+--------------------+
; Device                                                           ; 10M50DAF484C7G     ;                    ;
; Top-level entity name                                            ; luces              ; luces              ;
; Family name                                                      ; MAX 10             ; Cyclone V          ;
; Use smart compilation                                            ; Off                ; Off                ;
; Enable parallel Assembler and Timing Analyzer during compilation ; On                 ; On                 ;
; Enable compact report table                                      ; Off                ; Off                ;
; Restructure Multiplexers                                         ; Auto               ; Auto               ;
; Create Debugging Nodes for IP Cores                              ; Off                ; Off                ;
; Preserve fewer node names                                        ; On                 ; On                 ;
; Intel FPGA IP Evaluation Mode                                    ; Enable             ; Enable             ;
; Verilog Version                                                  ; Verilog_2001       ; Verilog_2001       ;
; VHDL Version                                                     ; VHDL_1993          ; VHDL_1993          ;
; State Machine Processing                                         ; Auto               ; Auto               ;
; Safe State Machine                                               ; Off                ; Off                ;
; Extract Verilog State Machines                                   ; On                 ; On                 ;
; Extract VHDL State Machines                                      ; On                 ; On                 ;
; Ignore Verilog initial constructs                                ; Off                ; Off                ;
; Iteration limit for constant Verilog loops                       ; 5000               ; 5000               ;
; Iteration limit for non-constant Verilog loops                   ; 250                ; 250                ;
; Add Pass-Through Logic to Inferred RAMs                          ; On                 ; On                 ;
; Infer RAMs from Raw Logic                                        ; On                 ; On                 ;
; Parallel Synthesis                                               ; On                 ; On                 ;
; DSP Block Balancing                                              ; Auto               ; Auto               ;
; NOT Gate Push-Back                                               ; On                 ; On                 ;
; Power-Up Don't Care                                              ; On                 ; On                 ;
; Remove Redundant Logic Cells                                     ; Off                ; Off                ;
; Remove Duplicate Registers                                       ; On                 ; On                 ;
; Ignore CARRY Buffers                                             ; Off                ; Off                ;
; Ignore CASCADE Buffers                                           ; Off                ; Off                ;
; Ignore GLOBAL Buffers                                            ; Off                ; Off                ;
; Ignore ROW GLOBAL Buffers                                        ; Off                ; Off                ;
; Ignore LCELL Buffers                                             ; Off                ; Off                ;
; Ignore SOFT Buffers                                              ; On                 ; On                 ;
; Limit AHDL Integers to 32 Bits                                   ; Off                ; Off                ;
; Optimization Technique                                           ; Balanced           ; Balanced           ;
; Carry Chain Length                                               ; 70                 ; 70                 ;
; Auto Carry Chains                                                ; On                 ; On                 ;
; Auto Open-Drain Pins                                             ; On                 ; On                 ;
; Perform WYSIWYG Primitive Resynthesis                            ; Off                ; Off                ;
; Auto ROM Replacement                                             ; On                 ; On                 ;
; Auto RAM Replacement                                             ; On                 ; On                 ;
; Auto DSP Block Replacement                                       ; On                 ; On                 ;
; Auto Shift Register Replacement                                  ; Auto               ; Auto               ;
; Allow Shift Register Merging across Hierarchies                  ; Auto               ; Auto               ;
; Auto Clock Enable Replacement                                    ; On                 ; On                 ;
; Strict RAM Replacement                                           ; Off                ; Off                ;
; Allow Synchronous Control Signals                                ; On                 ; On                 ;
; Force Use of Synchronous Clear Signals                           ; Off                ; Off                ;
; Auto RAM Block Balancing                                         ; On                 ; On                 ;
; Auto RAM to Logic Cell Conversion                                ; Off                ; Off                ;
; Auto Resource Sharing                                            ; Off                ; Off                ;
; Allow Any RAM Size For Recognition                               ; Off                ; Off                ;
; Allow Any ROM Size For Recognition                               ; Off                ; Off                ;
; Allow Any Shift Register Size For Recognition                    ; Off                ; Off                ;
; Use LogicLock Constraints during Resource Balancing              ; On                 ; On                 ;
; Ignore translate_off and synthesis_off directives                ; Off                ; Off                ;
; Timing-Driven Synthesis                                          ; On                 ; On                 ;
; Report Parameter Settings                                        ; On                 ; On                 ;
; Report Source Assignments                                        ; On                 ; On                 ;
; Report Connectivity Checks                                       ; On                 ; On                 ;
; Ignore Maximum Fan-Out Assignments                               ; Off                ; Off                ;
; Synchronization Register Chain Length                            ; 2                  ; 2                  ;
; Power Optimization During Synthesis                              ; Normal compilation ; Normal compilation ;
; HDL message level                                                ; Level2             ; Level2             ;
; Suppress Register Optimization Related Messages                  ; Off                ; Off                ;
; Number of Removed Registers Reported in Synthesis Report         ; 5000               ; 5000               ;
; Number of Swept Nodes Reported in Synthesis Report               ; 5000               ; 5000               ;
; Number of Inverted Registers Reported in Synthesis Report        ; 100                ; 100                ;
; Clock MUX Protection                                             ; On                 ; On                 ;
; Auto Gated Clock Conversion                                      ; Off                ; Off                ;
; Block Design Naming                                              ; Auto               ; Auto               ;
; SDC constraint protection                                        ; Off                ; Off                ;
; Synthesis Effort                                                 ; Auto               ; Auto               ;
; Shift Register Replacement - Allow Asynchronous Clear Signal     ; On                 ; On                 ;
; Pre-Mapping Resynthesis Optimization                             ; Off                ; Off                ;
; Analysis & Synthesis Message Level                               ; Medium             ; Medium             ;
; Disable Register Merging Across Hierarchies                      ; Auto               ; Auto               ;
; Resource Aware Inference For Block RAM                           ; On                 ; On                 ;
+------------------------------------------------------------------+--------------------+--------------------+


+------------------------------------------+
; Parallel Compilation                     ;
+----------------------------+-------------+
; Processors                 ; Number      ;
+----------------------------+-------------+
; Number detected on machine ; 16          ;
; Maximum allowed            ; 10          ;
;                            ;             ;
; Average used               ; 1.00        ;
; Maximum used               ; 10          ;
;                            ;             ;
; Usage by Processor         ; % Time Used ;
;     Processor 1            ; 100.0%      ;
;     Processors 2-10        ;   0.0%      ;
+----------------------------+-------------+


+--------------------------------------------------------------------------------------------------------------------+
; Analysis & Synthesis Source Files Read                                                                             ;
+----------------------------------+-----------------+-----------------+-----------------------------------+---------+
; File Name with User-Entered Path ; Used in Netlist ; File Type       ; File Name with Absolute Path      ; Library ;
+----------------------------------+-----------------+-----------------+-----------------------------------+---------+
; luces.vhd                        ; yes             ; User VHDL File  ; C:/quartus/intermitente/luces.vhd ;         ;
; freq.vhd                         ; yes             ; User VHDL File  ; C:/quartus/intermitente/freq.vhd  ;         ;
+----------------------------------+-----------------+-----------------+-----------------------------------+---------+


+---------------------------------------------------------+
; Analysis & Synthesis Resource Usage Summary             ;
+---------------------------------------------+-----------+
; Resource                                    ; Usage     ;
+---------------------------------------------+-----------+
; Estimated Total logic elements              ; 76        ;
;                                             ;           ;
; Total combinational functions               ; 76        ;
; Logic element usage by number of LUT inputs ;           ;
;     -- 4 input functions                    ; 17        ;
;     -- 3 input functions                    ; 25        ;
;     -- <=2 input functions                  ; 34        ;
;                                             ;           ;
; Logic elements by mode                      ;           ;
;     -- normal mode                          ; 45        ;
;     -- arithmetic mode                      ; 31        ;
;                                             ;           ;
; Total registers                             ; 42        ;
;     -- Dedicated logic registers            ; 42        ;
;     -- I/O registers                        ; 0         ;
;                                             ;           ;
; I/O pins                                    ; 51        ;
;                                             ;           ;
; Embedded Multiplier 9-bit elements          ; 0         ;
;                                             ;           ;
; Maximum fan-out node                        ; clk~input ;
; Maximum fan-out                             ; 33        ;
; Total fan-out                               ; 351       ;
; Average fan-out                             ; 1.60      ;
+---------------------------------------------+-----------+


+------------------------------------------------------------------------------------------------------------------------------------------------------------------------------------------------------------------------------------+
; Analysis & Synthesis Resource Utilization by Entity                                                                                                                                                                                ;
+----------------------------+---------------------+---------------------------+-------------+------------+--------------+---------+-----------+------+--------------+------------+---------------------+-------------+--------------+
; Compilation Hierarchy Node ; Combinational ALUTs ; Dedicated Logic Registers ; Memory Bits ; UFM Blocks ; DSP Elements ; DSP 9x9 ; DSP 18x18 ; Pins ; Virtual Pins ; ADC blocks ; Full Hierarchy Name ; Entity Name ; Library Name ;
+----------------------------+---------------------+---------------------------+-------------+------------+--------------+---------+-----------+------+--------------+------------+---------------------+-------------+--------------+
; |luces                     ; 76 (20)             ; 42 (9)                    ; 0           ; 0          ; 0            ; 0       ; 0         ; 51   ; 0            ; 0          ; |luces              ; luces       ; work         ;
;    |freq:u1|               ; 56 (56)             ; 33 (33)                   ; 0           ; 0          ; 0            ; 0       ; 0         ; 0    ; 0            ; 0          ; |luces|freq:u1      ; freq        ; work         ;
+----------------------------+---------------------+---------------------------+-------------+------------+--------------+---------+-----------+------+--------------+------------+---------------------+-------------+--------------+
Note: For table entries with two numbers listed, the numbers in parentheses indicate the number of resources of the given type used by the specific entity alone. The numbers listed outside of parentheses indicate the total resources of the given type used by the specific entity and all of its sub-entities in the hierarchy.


Encoding Type:  One-Hot
+---------------------------------------------------------------------------------------------------------------------------------------------+
; State Machine - |luces|state                                                                                                                ;
+-----------------+-----------------+-------------+------------+------------+-----------+------------+------------+-----------+---------------+
; Name            ; state.interapag ; state.inter ; state.der2 ; state.der1 ; state.der ; state.izq2 ; state.izq1 ; state.izq ; state.apagado ;
+-----------------+-----------------+-------------+------------+------------+-----------+------------+------------+-----------+---------------+
; state.apagado   ; 0               ; 0           ; 0          ; 0          ; 0         ; 0          ; 0          ; 0         ; 0             ;
; state.izq       ; 0               ; 0           ; 0          ; 0          ; 0         ; 0          ; 0          ; 1         ; 1             ;
; state.izq1      ; 0               ; 0           ; 0          ; 0          ; 0         ; 0          ; 1          ; 0         ; 1             ;
; state.izq2      ; 0               ; 0           ; 0          ; 0          ; 0         ; 1          ; 0          ; 0         ; 1             ;
; state.der       ; 0               ; 0           ; 0          ; 0          ; 1         ; 0          ; 0          ; 0         ; 1             ;
; state.der1      ; 0               ; 0           ; 0          ; 1          ; 0         ; 0          ; 0          ; 0         ; 1             ;
; state.der2      ; 0               ; 0           ; 1          ; 0          ; 0         ; 0          ; 0          ; 0         ; 1             ;
; state.inter     ; 0               ; 1           ; 0          ; 0          ; 0         ; 0          ; 0          ; 0         ; 1             ;
; state.interapag ; 1               ; 0           ; 0          ; 0          ; 0         ; 0          ; 0          ; 0         ; 1             ;
+-----------------+-----------------+-------------+------------+------------+-----------+------------+------------+-----------+---------------+


+------------------------------------------------------+
; General Register Statistics                          ;
+----------------------------------------------+-------+
; Statistic                                    ; Value ;
+----------------------------------------------+-------+
; Total registers                              ; 42    ;
; Number of registers using Synchronous Clear  ; 0     ;
; Number of registers using Synchronous Load   ; 0     ;
; Number of registers using Asynchronous Clear ; 0     ;
; Number of registers using Asynchronous Load  ; 0     ;
; Number of registers using Clock Enable       ; 0     ;
; Number of registers using Preset             ; 0     ;
+----------------------------------------------+-------+


+-----------------------------------------------------------------------+
; Parameter Settings for User Entity Instance: Top-level Entity: |luces ;
+----------------+----------+-------------------------------------------+
; Parameter Name ; Value    ; Type                                      ;
+----------------+----------+-------------------------------------------+
; pulse          ; 25000000 ; Signed Integer                            ;
+----------------+----------+-------------------------------------------+
Note: In order to hide this table in the UI and the text report file, please set the "Show Parameter Settings in Synthesis Report" option in "Analysis and Synthesis Settings -> More Settings" to "Off".


+------------------------------------------------------+
; Parameter Settings for User Entity Instance: freq:u1 ;
+----------------+----------+--------------------------+
; Parameter Name ; Value    ; Type                     ;
+----------------+----------+--------------------------+
; pulse          ; 25000000 ; Signed Integer           ;
+----------------+----------+--------------------------+
Note: In order to hide this table in the UI and the text report file, please set the "Show Parameter Settings in Synthesis Report" option in "Analysis and Synthesis Settings -> More Settings" to "Off".


+-----------------------------------------------------+
; Post-Synthesis Netlist Statistics for Top Partition ;
+-----------------------+-----------------------------+
; Type                  ; Count                       ;
+-----------------------+-----------------------------+
; boundary_port         ; 51                          ;
; cycloneiii_ff         ; 42                          ;
;     plain             ; 42                          ;
; cycloneiii_lcell_comb ; 78                          ;
;     arith             ; 31                          ;
;         2 data inputs ; 31                          ;
;     normal            ; 47                          ;
;         0 data inputs ; 1                           ;
;         1 data inputs ; 2                           ;
;         2 data inputs ; 2                           ;
;         3 data inputs ; 25                          ;
;         4 data inputs ; 17                          ;
;                       ;                             ;
; Max LUT depth         ; 4.40                        ;
; Average LUT depth     ; 3.12                        ;
+-----------------------+-----------------------------+


+-------------------------------+
; Elapsed Time Per Partition    ;
+----------------+--------------+
; Partition Name ; Elapsed Time ;
+----------------+--------------+
; Top            ; 00:00:01     ;
+----------------+--------------+


+-------------------------------+
; Analysis & Synthesis Messages ;
+-------------------------------+
Info: *******************************************************************
Info: Running Quartus Prime Analysis & Synthesis
    Info: Version 25.1std.0 Build 1129 10/21/2025 SC Lite Edition
    Info: Processing started: Wed Feb 25 11:17:14 2026
Info: Command: quartus_map --read_settings_files=on --write_settings_files=off luces -c luces
Warning (18236): Number of processors has not been specified which may cause overloading on shared machines.  Set the global assignment NUM_PARALLEL_PROCESSORS in your QSF to an appropriate value for best performance.
Info (20030): Parallel compilation is enabled and will use 10 of the 10 processors detected
Info (12021): Found 2 design units, including 1 entities, in source file luces.vhd
    Info (12022): Found design unit 1: luces-behav File: C:/quartus/intermitente/luces.vhd Line: 17
    Info (12023): Found entity 1: luces File: C:/quartus/intermitente/luces.vhd Line: 4
Info (12021): Found 2 design units, including 1 entities, in source file freq.vhd
    Info (12022): Found design unit 1: freq-behav File: C:/quartus/intermitente/freq.vhd Line: 15
    Info (12023): Found entity 1: freq File: C:/quartus/intermitente/freq.vhd Line: 5
Info (12127): Elaborating entity "luces" for the top level hierarchy
Warning (10540): VHDL Signal Declaration warning at luces.vhd(11): used explicit default value for signal "seg" because signal was never assigned a value File: C:/quartus/intermitente/luces.vhd Line: 11
Warning (10540): VHDL Signal Declaration warning at luces.vhd(11): used explicit default value for signal "seg1" because signal was never assigned a value File: C:/quartus/intermitente/luces.vhd Line: 11
Warning (10540): VHDL Signal Declaration warning at luces.vhd(11): used explicit default value for signal "seg2" because signal was never assigned a value File: C:/quartus/intermitente/luces.vhd Line: 11
Warning (10540): VHDL Signal Declaration warning at luces.vhd(11): used explicit default value for signal "seg3" because signal was never assigned a value File: C:/quartus/intermitente/luces.vhd Line: 11
Warning (10540): VHDL Signal Declaration warning at luces.vhd(11): used explicit default value for signal "seg4" because signal was never assigned a value File: C:/quartus/intermitente/luces.vhd Line: 11
Warning (10540): VHDL Signal Declaration warning at luces.vhd(11): used explicit default value for signal "seg5" because signal was never assigned a value File: C:/quartus/intermitente/luces.vhd Line: 11
Warning (10540): VHDL Signal Declaration warning at luces.vhd(11): used explicit default value for signal "seg6" because signal was never assigned a value File: C:/quartus/intermitente/luces.vhd Line: 11
Info (12128): Elaborating entity "freq" for hierarchy "freq:u1" File: C:/quartus/intermitente/luces.vhd Line: 32
Warning (13024): Output pins are stuck at VCC or GND
    Warning (13410): Pin "seg[0]" is stuck at GND File: C:/quartus/intermitente/luces.vhd Line: 11
    Warning (13410): Pin "seg[1]" is stuck at GND File: C:/quartus/intermitente/luces.vhd Line: 11
    Warning (13410): Pin "seg[2]" is stuck at GND File: C:/quartus/intermitente/luces.vhd Line: 11
    Warning (13410): Pin "seg[3]" is stuck at GND File: C:/quartus/intermitente/luces.vhd Line: 11
    Warning (13410): Pin "seg[4]" is stuck at GND File: C:/quartus/intermitente/luces.vhd Line: 11
    Warning (13410): Pin "seg[5]" is stuck at GND File: C:/quartus/intermitente/luces.vhd Line: 11
    Warning (13410): Pin "seg1[0]" is stuck at GND File: C:/quartus/intermitente/luces.vhd Line: 11
    Warning (13410): Pin "seg1[1]" is stuck at GND File: C:/quartus/intermitente/luces.vhd Line: 11
    Warning (13410): Pin "seg1[2]" is stuck at GND File: C:/quartus/intermitente/luces.vhd Line: 11
    Warning (13410): Pin "seg1[3]" is stuck at GND File: C:/quartus/intermitente/luces.vhd Line: 11
    Warning (13410): Pin "seg1[4]" is stuck at GND File: C:/quartus/intermitente/luces.vhd Line: 11
    Warning (13410): Pin "seg1[5]" is stuck at GND File: C:/quartus/intermitente/luces.vhd Line: 11
    Warning (13410): Pin "seg2[0]" is stuck at GND File: C:/quartus/intermitente/luces.vhd Line: 11
    Warning (13410): Pin "seg2[1]" is stuck at GND File: C:/quartus/intermitente/luces.vhd Line: 11
    Warning (13410): Pin "seg2[2]" is stuck at GND File: C:/quartus/intermitente/luces.vhd Line: 11
    Warning (13410): Pin "seg2[3]" is stuck at GND File: C:/quartus/intermitente/luces.vhd Line: 11
    Warning (13410): Pin "seg2[4]" is stuck at GND File: C:/quartus/intermitente/luces.vhd Line: 11
    Warning (13410): Pin "seg2[5]" is stuck at GND File: C:/quartus/intermitente/luces.vhd Line: 11
    Warning (13410): Pin "seg3[0]" is stuck at GND File: C:/quartus/intermitente/luces.vhd Line: 11
    Warning (13410): Pin "seg3[1]" is stuck at GND File: C:/quartus/intermitente/luces.vhd Line: 11
    Warning (13410): Pin "seg3[2]" is stuck at GND File: C:/quartus/intermitente/luces.vhd Line: 11
    Warning (13410): Pin "seg3[3]" is stuck at GND File: C:/quartus/intermitente/luces.vhd Line: 11
    Warning (13410): Pin "seg3[4]" is stuck at GND File: C:/quartus/intermitente/luces.vhd Line: 11
    Warning (13410): Pin "seg3[5]" is stuck at GND File: C:/quartus/intermitente/luces.vhd Line: 11
    Warning (13410): Pin "seg4[0]" is stuck at GND File: C:/quartus/intermitente/luces.vhd Line: 11
    Warning (13410): Pin "seg4[1]" is stuck at GND File: C:/quartus/intermitente/luces.vhd Line: 11
    Warning (13410): Pin "seg4[2]" is stuck at GND File: C:/quartus/intermitente/luces.vhd Line: 11
    Warning (13410): Pin "seg4[3]" is stuck at GND File: C:/quartus/intermitente/luces.vhd Line: 11
    Warning (13410): Pin "seg4[4]" is stuck at GND File: C:/quartus/intermitente/luces.vhd Line: 11
    Warning (13410): Pin "seg4[5]" is stuck at GND File: C:/quartus/intermitente/luces.vhd Line: 11
    Warning (13410): Pin "seg5[0]" is stuck at GND File: C:/quartus/intermitente/luces.vhd Line: 11
    Warning (13410): Pin "seg5[1]" is stuck at GND File: C:/quartus/intermitente/luces.vhd Line: 11
    Warning (13410): Pin "seg5[2]" is stuck at GND File: C:/quartus/intermitente/luces.vhd Line: 11
    Warning (13410): Pin "seg5[3]" is stuck at GND File: C:/quartus/intermitente/luces.vhd Line: 11
    Warning (13410): Pin "seg5[4]" is stuck at GND File: C:/quartus/intermitente/luces.vhd Line: 11
    Warning (13410): Pin "seg5[5]" is stuck at GND File: C:/quartus/intermitente/luces.vhd Line: 11
    Warning (13410): Pin "seg6[0]" is stuck at GND File: C:/quartus/intermitente/luces.vhd Line: 11
    Warning (13410): Pin "seg6[1]" is stuck at GND File: C:/quartus/intermitente/luces.vhd Line: 11
    Warning (13410): Pin "seg6[2]" is stuck at GND File: C:/quartus/intermitente/luces.vhd Line: 11
    Warning (13410): Pin "seg6[3]" is stuck at GND File: C:/quartus/intermitente/luces.vhd Line: 11
    Warning (13410): Pin "seg6[4]" is stuck at GND File: C:/quartus/intermitente/luces.vhd Line: 11
    Warning (13410): Pin "seg6[5]" is stuck at GND File: C:/quartus/intermitente/luces.vhd Line: 11
Info (286030): Timing-Driven Synthesis is running
Info (16010): Generating hard_block partition "hard_block:auto_generated_inst"
    Info (16011): Adding 0 node(s), including 0 DDIO, 0 PLL, 0 transceiver and 0 LCELL
Info (21057): Implemented 127 device resources after synthesis - the final resource count might be different
    Info (21058): Implemented 3 input pins
    Info (21059): Implemented 48 output pins
    Info (21061): Implemented 76 logic cells
Info: Quartus Prime Analysis & Synthesis was successful. 0 errors, 51 warnings
    Info: Peak virtual memory: 4927 megabytes
    Info: Processing ended: Wed Feb 25 11:17:25 2026
    Info: Elapsed time: 00:00:11
    Info: Total CPU time (on all processors): 00:00:28


